Component: ARM Compiler 5.06 update 4 (build 422) Tool: armlink [4d35d2]

==============================================================================

Section Cross References

    main.o(.text) refers to os_time.o(.text) for OSTimeDlyHMSM
    main.o(.text) refers to cpu_a.o(.text) for CPU_SR_Save
    main.o(.text) refers to stm32f10x_usart.o(.text) for USART_GetFlagStatus
    main.o(.text) refers to os_core.o(.text) for OS_Sched0
    main.o(.text) refers to cpu_core.o(.text) for CPU_Init
    main.o(.text) refers to os_tmr.o(.text) for OSTmrCreate
    main.o(.text) refers to os_task.o(.text) for OSTaskCreate
    main.o(.text) refers to delay.o(.text) for delay_init
    main.o(.text) refers to misc.o(.text) for NVIC_PriorityGroupConfig
    main.o(.text) refers to usart.o(.text) for uart1_init
    main.o(.text) refers to led.o(.text) for LED_Init
    main.o(.text) refers to os_var.o(.data) for OSSchedLockNestingCtr
    main.o(.text) refers to main.o(.data) for R_IR
    main.o(.text) refers to main.o(.bss) for tmr1
    system_stm32f10x.o(.text) refers to system_stm32f10x.o(.data) for SystemCoreClock
    led.o(.text) refers to stm32f10x_rcc.o(.text) for RCC_APB2PeriphClockCmd
    led.o(.text) refers to stm32f10x_gpio.o(.text) for GPIO_Init
    delay.o(.text) refers to os_core.o(.text) for OSSchedLock
    delay.o(.text) refers to os_time.o(.text) for OSTimeDly
    delay.o(.text) refers to misc.o(.text) for SysTick_CLKSourceConfig
    delay.o(.text) refers to os_var.o(.data) for OSRunning
    delay.o(.text) refers to system_stm32f10x.o(.data) for SystemCoreClock
    delay.o(.text) refers to delay.o(.data) for fac_us
    delay.o(.text) refers to os_cfg_app.o(.constdata) for OSCfg_TickRate_Hz
    usart.o(.text) refers (Special) to use_no_semi_2.o(.text) for __use_no_semihosting
    usart.o(.text) refers to stm32f10x_rcc.o(.text) for RCC_APB2PeriphClockCmd
    usart.o(.text) refers to stm32f10x_usart.o(.text) for USART_DeInit
    usart.o(.text) refers to stm32f10x_gpio.o(.text) for GPIO_Init
    usart.o(.text) refers to misc.o(.text) for NVIC_Init
    usart.o(.text) refers to noretval__2printf.o(.text) for __2printf
    usart.o(.text) refers to usart.o(.data) for USART_RX_STA
    usart.o(.text) refers to usart.o(.bss) for USART_RX_BUF
    usart.o(.bss) refers (Special) to use_no_semi_2.o(.text) for __use_no_semihosting
    usart.o(.data) refers (Special) to use_no_semi_2.o(.text) for __use_no_semihosting
    startup_stm32f10x_hd.o(STACK) refers (Special) to heapauxi.o(.text) for __use_two_region_memory
    startup_stm32f10x_hd.o(HEAP) refers (Special) to heapauxi.o(.text) for __use_two_region_memory
    startup_stm32f10x_hd.o(RESET) refers (Special) to heapauxi.o(.text) for __use_two_region_memory
    startup_stm32f10x_hd.o(RESET) refers to startup_stm32f10x_hd.o(STACK) for __initial_sp
    startup_stm32f10x_hd.o(RESET) refers to startup_stm32f10x_hd.o(.text) for Reset_Handler
    startup_stm32f10x_hd.o(RESET) refers to stm32f10x_it.o(.text) for NMI_Handler
    startup_stm32f10x_hd.o(RESET) refers to os_cpu_a.o(CODE) for PendSV_Handler
    startup_stm32f10x_hd.o(RESET) refers to delay.o(.text) for SysTick_Handler
    startup_stm32f10x_hd.o(RESET) refers to usart.o(.text) for USART1_IRQHandler
    startup_stm32f10x_hd.o(.text) refers (Special) to heapauxi.o(.text) for __use_two_region_memory
    startup_stm32f10x_hd.o(.text) refers to system_stm32f10x.o(.text) for SystemInit
    startup_stm32f10x_hd.o(.text) refers to __main.o(!!!main) for __main
    startup_stm32f10x_hd.o(.text) refers to startup_stm32f10x_hd.o(HEAP) for Heap_Mem
    startup_stm32f10x_hd.o(.text) refers to startup_stm32f10x_hd.o(STACK) for Stack_Mem
    stm32f10x_gpio.o(.text) refers to stm32f10x_rcc.o(.text) for RCC_APB2PeriphResetCmd
    stm32f10x_usart.o(.text) refers to stm32f10x_rcc.o(.text) for RCC_APB2PeriphResetCmd
    stm32f10x_rcc.o(.text) refers to stm32f10x_rcc.o(.data) for APBAHBPrescTable
    bsp.o(.text) refers to stm32f10x_rcc.o(.text) for RCC_GetClocksFreq
    bsp.o(.text) refers to cpu_core.o(.text) for CPU_TS_TmrFreqSet
    bsp.o(.text) refers to lludivv7m.o(.text) for __aeabi_uldivmod
    cpu_core.o(.text) refers to cpu_a.o(.text) for CPU_SR_Save
    cpu_core.o(.text) refers to lib_mem.o(.text) for Mem_Clr
    cpu_core.o(.text) refers to bsp.o(.text) for CPU_TS_TmrInit
    cpu_core.o(.text) refers to lib_str.o(.text) for Str_Copy_N
    cpu_core.o(.text) refers to cpu_core.o(.bss) for CPU_Name
    cpu_core.o(.text) refers to cpu_core.o(.data) for CPU_TS_TmrFreq_Hz
    cpu_core.o(.text) refers to cpu_core.o(.constdata) for CPU_CntLeadZerosTbl
    cpu_c.o(.text) refers to cpu_a.o(.text) for CPU_SR_Save
    lib_math.o(.text) refers to cpu_a.o(.text) for CPU_SR_Save
    lib_math.o(.text) refers to lib_math.o(.data) for Math_RandSeedCur
    lib_mem.o(.text) refers to lib_mem_a.o(.text) for Mem_Copy
    lib_mem.o(.text) refers to cpu_a.o(.text) for CPU_SR_Save
    lib_mem.o(.text) refers to lib_mem.o(.bss) for Mem_PoolHeap
[...]
    .bss                                     0x20000138   Section     4472  main.o(.bss)
    .bss                                     0x200012b0   Section      200  usart.o(.bss)
    .bss                                     0x20001378   Section       16  cpu_core.o(.bss)
    .bss                                     0x20001388   Section     1096  lib_mem.o(.bss)
    .bss                                     0x200017d0   Section     5264  os_cfg_app.o(.bss)
    .bss                                     0x20002c60   Section     1760  os_var.o(.bss)
    .bss                                     0x20003340   Section       96  libspace.o(.bss)
    HEAP                                     0x200033a0   Section      512  startup_stm32f10x_hd.o(HEAP)
    Heap_Mem                                 0x200033a0   Data         512  startup_stm32f10x_hd.o(HEAP)
    STACK                                    0x200035a0   Section     2048  startup_stm32f10x_hd.o(STACK)
    Stack_Mem                                0x200035a0   Data        2048  startup_stm32f10x_hd.o(STACK)
    __initial_sp                             0x20003da0   Data           0  startup_stm32f10x_hd.o(STACK)

    Global Symbols

    Symbol Name                              Value     Ov Type        Size  Object(Section)

    BuildAttributes$$THM_ISAv4$P$D$K$B$S$PE$A:L22UL41UL21$X:L11$S22US41US21$IEEE1$IW$USESV6$~STKCKD$USESV7$~SHL$OSPACE$ROPI$EBA8$UX$STANDARDLIB$REQ8$PRES8$EABIv2 0x00000000   Number         0  anon$$obj.o ABSOLUTE
    __ARM_use_no_argv                        0x00000000   Number         0  main.o ABSOLUTE
    __ARM_exceptions_init                     - Undefined Weak Reference
    __alloca_initialize                       - Undefined Weak Reference
    __arm_preinit_                            - Undefined Weak Reference
    __cpp_initialize__aeabi_                  - Undefined Weak Reference
    __cxa_finalize                            - Undefined Weak Reference
    __rt_locale                               - Undefined Weak Reference
    __sigvec_lookup                           - Undefined Weak Reference
    _atexit_init                              - Undefined Weak Reference
    _call_atexit_fns                          - Undefined Weak Reference
    _clock_init                               - Undefined Weak Reference
    _fp_trap_init                             - Undefined Weak Reference
    _fp_trap_shutdown                         - Undefined Weak Reference
    _get_lc_collate                           - Undefined Weak Reference
    _get_lc_ctype                             - Undefined Weak Reference
    _get_lc_monetary                          - Undefined Weak Reference
    _get_lc_numeric                           - Undefined Weak Reference
    _get_lc_time                              - Undefined Weak Reference
    _getenv_init                              - Undefined Weak Reference
    _handle_redirection                       - Undefined Weak Reference
    _init_alloc                               - Undefined Weak Reference
    _init_user_alloc                          - Undefined Weak Reference
    _initio                                   - Undefined Weak Reference
    _mutex_acquire                            - Undefined Weak Reference
    _mutex_release                            - Undefined Weak Reference
    _rand_init                                - Undefined Weak Reference
    _signal_finish                            - Undefined Weak Reference
    _signal_init                              - Undefined Weak Reference
    _terminate_alloc                          - Undefined Weak Reference
    _terminate_user_alloc                     - Undefined Weak Reference
    _terminateio                              - Undefined Weak Reference
    __Vectors_Size                           0x00000130   Number         0  startup_stm32f10x_hd.o ABSOLUTE
    __Vectors                                0x08000000   Data           4  startup_stm32f10x_hd.o(RESET)
    __Vectors_End                            0x08000130   Data           0  startup_stm32f10x_hd.o(RESET)
    __main                                   0x08000131   Thumb Code     8  __main.o(!!!main)
    __scatterload                            0x08000139   Thumb Code     0  __scatter.o(!!!scatter)
    __scatterload_rt2                        0x08000139   Thumb Code    44  __scatter.o(!!!scatter)
    __scatterload_rt2_thumb_only             0x08000139   Thumb Code     0  __scatter.o(!!!scatter)
    __scatterload_null                       0x08000147   Thumb Code     0  __scatter.o(!!!scatter)
    __decompress                             0x0800016d   Thumb Code    90  __dczerorl2.o(!!dczerorl2)
    __decompress1                            0x0800016d   Thumb Code     0  __dczerorl2.o(!!dczerorl2)
    __scatterload_zeroinit                   0x080001c9   Thumb Code    28  __scatter_zi.o(!!handler_zi)
    __rt_lib_init                            0x080001e5   Thumb Code     0  libinit.o(.ARM.Collect$$libinit$$00000000)
    __rt_lib_init_alloca_1                   0x080001e7   Thumb Code     0  libinit2.o(.ARM.Collect$$libinit$$0000002E)
    __rt_lib_init_argv_1                     0x080001e7   Thumb Code     0  libinit2.o(.ARM.Collect$$libinit$$0000002C)
    __rt_lib_init_atexit_1                   0x080001e7   Thumb Code     0  libinit2.o(.ARM.Collect$$libinit$$0000001B)
    __rt_lib_init_clock_1                    0x080001e7   Thumb Code     0  libinit2.o(.ARM.Collect$$libinit$$00000021)
    __rt_lib_init_cpp_1                      0x080001e7   Thumb Code     0  libinit2.o(.ARM.Collect$$libinit$$00000032)
    __rt_lib_init_exceptions_1               0x080001e7   Thumb Code     0  libinit2.o(.ARM.Collect$$libinit$$00000030)
    __rt_lib_init_fp_1                       0x080001e7   Thumb Code     0  libinit2.o(.ARM.Collect$$libinit$$00000002)
    __rt_lib_init_fp_trap_1                  0x080001e7   Thumb Code     0  libinit2.o(.ARM.Collect$$libinit$$0000001F)
    __rt_lib_init_getenv_1                   0x080001e7   Thumb Code     0  libinit2.o(.ARM.Collect$$libinit$$00000023)
    __rt_lib_init_heap_1                     0x080001e7   Thumb Code     0  libinit2.o(.ARM.Collect$$libinit$$0000000A)
    __rt_lib_init_lc_collate_1               0x080001e7   Thumb Code     0  libinit2.o(.ARM.Collect$$libinit$$00000011)
    __rt_lib_init_lc_ctype_1                 0x080001e7   Thumb Code     0  libinit2.o(.ARM.Collect$$libinit$$00000013)
    __rt_lib_init_lc_monetary_1              0x080001e7   Thumb Code     0  libinit2.o(.ARM.Collect$$libinit$$00000015)
    __rt_lib_init_lc_numeric_1               0x080001e7   Thumb Code     0  libinit2.o(.ARM.Collect$$libinit$$00000017)
    __rt_lib_init_lc_time_1                  0x080001e7   Thumb Code     0  libinit2.o(.ARM.Collect$$libinit$$00000019)
    __rt_lib_init_preinit_1                  0x080001e7   Thumb Code     0  libinit2.o(.ARM.Collect$$libinit$$00000004)
    __rt_lib_init_rand_1                     0x080001e7   Thumb Code     0  libinit2.o(.ARM.Collect$$libinit$$0000000E)
    __rt_lib_init_return                     0x080001e7   Thumb Code     0  libinit2.o(.ARM.Collect$$libinit$$00000033)
    __rt_lib_init_signal_1                   0x080001e7   Thumb Code     0  libinit2.o(.ARM.Collect$$libinit$$0000001D)
    __rt_lib_init_stdio_1                    0x080001e7   Thumb Code     0  libinit2.o(.ARM.Collect$$libinit$$00000025)
    __rt_lib_init_user_alloc_1               0x080001e7   Thumb Code     0  libinit2.o(.ARM.Collect$$libinit$$0000000C)
    __rt_lib_shutdown                        0x080001e9   Thumb Code     0  libshutdown.o(.ARM.Collect$$libshutdown$$00000000)
    __rt_lib_shutdown_cpp_1                  0x080001eb   Thumb Code     0  libshutdown2.o(.ARM.Collect$$libshutdown$$00000002)
    __rt_lib_shutdown_fp_trap_1              0x080001eb   Thumb Code     0  libshutdown2.o(.ARM.Collect$$libshutdown$$00000007)
    __rt_lib_shutdown_heap_1                 0x080001eb   Thumb Code     0  libshutdown2.o(.ARM.Collect$$libshutdown$$0000000F)
    __rt_lib_shutdown_return                 0x080001eb   Thumb Code     0  libshutdown2.o(.ARM.Collect$$libshutdown$$00000010)
    __rt_lib_shutdown_signal_1               0x080001eb   Thumb Code     0  libshutdown2.o(.ARM.Collect$$libshutdown$$0000000A)
    __rt_lib_shutdown_stdio_1                0x080001eb   Thumb Code     0  libshutdown2.o(.ARM.Collect$$libshutdown$$00000004)
    __rt_lib_shutdown_user_alloc_1           0x080001eb   Thumb Code     0  libshutdown2.o(.ARM.Collect$$libshutdown$$0000000C)
    __rt_entry                               0x080001ed   Thumb Code     0  __rtentry.o(.ARM.Collect$$rtentry$$00000000)
    __rt_entry_presh_1                       0x080001ed   Thumb Code     0  __rtentry2.o(.ARM.Collect$$rtentry$$00000002)
    __rt_entry_sh                            0x080001ed   Thumb Code     0  __rtentry4.o(.ARM.Collect$$rtentry$$00000004)
    __rt_entry_li                            0x080001f3   Thumb Code     0  __rtentry2.o(.ARM.Collect$$rtentry$$0000000A)
    __rt_entry_postsh_1                      0x080001f3   Thumb Code     0  __rtentry2.o(.ARM.Collect$$rtentry$$00000009)
    __rt_entry_main                          0x080001f7   Thumb Code     0  __rtentry2.o(.ARM.Collect$$rtentry$$0000000D)
    __rt_entry_postli_1                      0x080001f7   Thumb Code     0  __rtentry2.o(.ARM.Collect$$rtentry$$0000000C)
    __rt_exit                                0x080001ff   Thumb Code     0  rtexit.o(.ARM.Collect$$rtexit$$00000000)
    __rt_exit_ls                             0x08000201   Thumb Code     0  rtexit2.o(.ARM.Collect$$rtexit$$00000003)
    __rt_exit_prels_1                        0x08000201   Thumb Code     0  rtexit2.o(.ARM.Collect$$rtexit$$00000002)
    __rt_exit_exit                           0x08000205   Thumb Code     0  rtexit2.o(.ARM.Collect$$rtexit$$00000004)
    float_task                               0x0800020d   Thumb Code    36  main.o(.text)
    tmr2_callback                            0x08000231   Thumb Code   184  main.o(.text)
    tmr1_callback                            0x080002e9   Thumb Code   184  main.o(.text)
    start_task                               0x080003a1   Thumb Code   300  main.o(.text)
    main                                     0x080004cd   Thumb Code   246  main.o(.text)
    NMI_Handler                              0x08000629   Thumb Code     2  stm32f10x_it.o(.text)
    HardFault_Handler                        0x0800062b   Thumb Code     4  stm32f10x_it.o(.text)
    MemManage_Handler                        0x0800062f   Thumb Code     4  stm32f10x_it.o(.text)
    BusFault_Handler                         0x08000633   Thumb Code     4  stm32f10x_it.o(.text)
    UsageFault_Handler                       0x08000637   Thumb Code     4  stm32f10x_it.o(.text)
    SVC_Handler                              0x0800063b   Thumb Code     2  stm32f10x_it.o(.text)
    DebugMon_Handler                         0x0800063d   Thumb Code     2  stm32f10x_it.o(.text)
    SystemInit                               0x0800071f   Thumb Code    78  system_stm32f10x.o(.text)
    SystemCoreClockUpdate                    0x0800076d   Thumb Code   142  system_stm32f10x.o(.text)
    LED_Init                                 0x08000821   Thumb Code    50  led.o(.text)
    delay_osschedlock                        0x08000859   Thumb Code    10  delay.o(.text)
    delay_osschedunlock                      0x08000863   Thumb Code    10  delay.o(.text)
    delay_ostimedly                          0x0800086d   Thumb Code    16  delay.o(.text)
    SysTick_Handler                          0x0800087d   Thumb Code    24  delay.o(.text)
    delay_init                               0x08000895   Thumb Code    92  delay.o(.text)
    delay_us                                 0x080008f1   Thumb Code    86  delay.o(.text)
    delay_ms                                 0x08000947   Thumb Code    66  delay.o(.text)
    _sys_exit                                0x080009a5   Thumb Code     4  usart.o(.text)
    fputc                                    0x080009a9   Thumb Code    24  usart.o(.text)
    uart1_init                               0x080009c1   Thumb Code   158  usart.o(.text)
    uart2_init                               0x08000a5f   Thumb Code   188  usart.o(.text)
    uart3_init                               0x08000b1b   Thumb Code   192  usart.o(.text)
    USART1_IRQHandler                        0x08000bdb   Thumb Code   122  usart.o(.text)
    Charge_RX_Board                          0x08000c55   Thumb Code   462  usart.o(.text)
    USART2_IRQHandler                        0x08000e23   Thumb Code    62  usart.o(.text)
    USART3_IRQHandler                        0x08000e61   Thumb Code    62  usart.o(.text)
    Reset_Handler                            0x08000ed1   Thumb Code     8  startup_stm32f10x_hd.o(.text)
    ADC1_2_IRQHandler                        0x08000eeb   Thumb Code     0  startup_stm32f10x_hd.o(.text)
    ADC3_IRQHandler                          0x08000eeb   Thumb Code     0  startup_stm32f10x_hd.o(.text)
    CAN1_RX1_IRQHandler                      0x08000eeb   Thumb Code     0  startup_stm32f10x_hd.o(.text)
    CAN1_SCE_IRQHandler                      0x08000eeb   Thumb Code     0  startup_stm32f10x_hd.o(.text)
    DMA1_Channel1_IRQHandler                 0x08000eeb   Thumb Code     0  startup_stm32f10x_hd.o(.text)
    DMA1_Channel2_IRQHandler                 0x08000eeb   Thumb Code     0  startup_stm32f10x_hd.o(.text)
    DMA1_Channel3_IRQHandler                 0x08000eeb   Thumb Code     0  startup_stm32f10x_hd.o(.text)
    DMA1_Channel4_IRQHandler                 0x08000eeb   Thumb Code     0  startup_stm32f10x_hd.o(.text)
    DMA1_Channel5_IRQHandler                 0x08000eeb   Thumb Code     0  startup_stm32f10x_hd.o(.text)
    DMA1_Channel6_IRQHandler                 0x08000eeb   Thumb Code     0  startup_stm32f10x_hd.o(.text)
    DMA1_Channel7_IRQHandler                 0x08000eeb   Thumb Code     0  startup_stm32f10x_hd.o(.text)
    DMA2_Channel1_IRQHandler                 0x08000eeb   Thumb Code     0  startup_stm32f10x_hd.o(.text)
    DMA2_Channel2_IRQHandler                 0x08000eeb   Thumb Code     0  startup_stm32f10x_hd.o(.text)
    DMA2_Channel3_IRQHandler                 0x08000eeb   Thumb Code     0  startup_stm32f10x_hd.o(.text)
    DMA2_Channel4_5_IRQHandler               0x08000eeb   Thumb Code     0  startup_stm32f10x_hd.o(.text)
    EXTI0_IRQHandler                         0x08000eeb   Thumb Code     0  startup_stm32f10x_hd.o(.text)
    EXTI15_10_IRQHandler                     0x08000eeb   Thumb Code     0  startup_stm32f10x_hd.o(.text)
    EXTI1_IRQHandler                         0x08000eeb   Thumb Code     0  startup_stm32f10x_hd.o(.text)
    EXTI2_IRQHandler                         0x08000eeb   Thumb Code     0  startup_stm32f10x_hd.o(.text)
    EXTI3_IRQHandler                         0x08000eeb   Thumb Code     0  startup_stm32f10x_hd.o(.text)
    EXTI4_IRQHandler                         0x08000eeb   Thumb Code     0  startup_stm32f10x_hd.o(.text)
    EXTI9_5_IRQHandler                       0x08000eeb   Thumb Code     0  startup_stm32f10x_hd.o(.text)
    FLASH_IRQHandler                         0x08000eeb   Thumb Code     0  startup_stm32f10x_hd.o(.text)
    FSMC_IRQHandler                          0x08000eeb   Thumb Code     0  startup_stm32f10x_hd.o(.text)
    I2C1_ER_IRQHandler                       0x08000eeb   Thumb Code     0  startup_stm32f10x_hd.o(.text)
    I2C1_EV_IRQHandler                       0x08000eeb   Thumb Code     0  startup_stm32f10x_hd.o(.text)
    I2C2_ER_IRQHandler                       0x08000eeb   Thumb Code     0  startup_stm32f10x_hd.o(.text)
    I2C2_EV_IRQHandler                       0x08000eeb   Thumb Code     0  startup_stm32f10x_hd.o(.text)
    PVD_IRQHandler                           0x08000eeb   Thumb Code     0  startup_stm32f10x_hd.o(.text)
    RCC_IRQHandler                           0x08000eeb   Thumb Code     0  startup_stm32f10x_hd.o(.text)
    RTCAlarm_IRQHandler                      0x08000eeb   Thumb Code     0  startup_stm32f10x_hd.o(.text)
    RTC_IRQHandler                           0x08000eeb   Thumb Code     0  startup_stm32f10x_hd.o(.text)
    SDIO_IRQHandler                          0x08000eeb   Thumb Code     0  startup_stm32f10x_hd.o(.text)
    SPI1_IRQHandler                          0x08000eeb   Thumb Code     0  startup_stm32f10x_hd.o(.text)
    SPI2_IRQHandler                          0x08000eeb   Thumb Code     0  startup_stm32f10x_hd.o(.text)
    SPI3_IRQHandler                          0x08000eeb   Thumb Code     0  startup_stm32f10x_hd.o(.text)
    TAMPER_IRQHandler                        0x08000eeb   Thumb Code     0  startup_stm32f10x_hd.o(.text)
    TIM1_BRK_IRQHandler                      0x08000eeb   Thumb Code     0  startup_stm32f10x_hd.o(.text)
    TIM1_CC_IRQHandler                       0x08000eeb   Thumb Code     0  startup_stm32f10x_hd.o(.text)
    TIM1_TRG_COM_IRQHandler                  0x08000eeb   Thumb Code     0  startup_stm32f10x_hd.o(.text)
    TIM1_UP_IRQHandler                       0x08000eeb   Thumb Code     0  startup_stm32f10x_hd.o(.text)
    TIM2_IRQHandler                          0x08000eeb   Thumb Code     0  startup_stm32f10x_hd.o(.text)
    TIM3_IRQHandler                          0x08000eeb   Thumb Code     0  startup_stm32f10x_hd.o(.text)
    TIM4_IRQHandler                          0x08000eeb   Thumb Code     0  startup_stm32f10x_hd.o(.text)
    TIM5_IRQHandler                          0x08000eeb   Thumb Code     0  startup_stm32f10x_hd.o(.text)
    TIM6_IRQHandler                          0x08000eeb   Thumb Code     0  startup_stm32f10x_hd.o(.text)
    TIM7_IRQHandler                          0x08000eeb   Thumb Code     0  startup_stm32f10x_hd.o(.text)
    TIM8_BRK_IRQHandler                      0x08000eeb   Thumb Code     0  startup_stm32f10x_hd.o(.text)
    TIM8_CC_IRQHandler                       0x08000eeb   Thumb Code     0  startup_stm32f10x_hd.o(.text)
    TIM8_TRG_COM_IRQHandler                  0x08000eeb   Thumb Code     0  startup_stm32f10x_hd.o(.text)
    TIM8_UP_IRQHandler                       0x08000eeb   Thumb Code     0  startup_stm32f10x_hd.o(.text)
    UART4_IRQHandler                         0x08000eeb   Thumb Code     0  startup_stm32f10x_hd.o(.text)
    UART5_IRQHandler                         0x08000eeb   Thumb Code     0  startup_stm32f10x_hd.o(.text)
    USBWakeUp_IRQHandler                     0x08000eeb   Thumb Code     0  startup_stm32f10x_hd.o(.text)
    USB_HP_CAN1_TX_IRQHandler                0x08000eeb   Thumb Code     0  startup_stm32f10x_hd.o(.text)
    USB_LP_CAN1_RX0_IRQHandler               0x08000eeb   Thumb Code     0  startup_stm32f10x_hd.o(.text)
    WWDG_IRQHandler                          0x08000eeb   Thumb Code     0  startup_stm32f10x_hd.o(.text)
    __user_initial_stackheap                 0x08000eed   Thumb Code     0  startup_stm32f10x_hd.o(.text)
    NVIC_PriorityGroupConfig                 0x08000f11   Thumb Code    10  misc.o(.text)
    NVIC_Init                                0x08000f1b   Thumb Code   100  misc.o(.text)
    NVIC_SetVectorTable                      0x08000f7f   Thumb Code    14  misc.o(.text)
    NVIC_SystemLPConfig                      0x08000f8d   Thumb Code    34  misc.o(.text)
    SysTick_CLKSourceConfig                  0x08000faf   Thumb Code    40  misc.o(.text)
    GPIO_DeInit                              0x08000fed   Thumb Code   172  stm32f10x_gpio.o(.text)
    GPIO_AFIODeInit                          0x08001099   Thumb Code    20  stm32f10x_gpio.o(.text)
    GPIO_Init                                0x080010ad   Thumb Code   278  stm32f10x_gpio.o(.text)
    GPIO_StructInit                          0x080011c3   Thumb Code    16  stm32f10x_gpio.o(.text)
    GPIO_ReadInputDataBit                    0x080011d3   Thumb Code    18  stm32f10x_gpio.o(.text)
    GPIO_ReadInputData                       0x080011e5   Thumb Code     8  stm32f10x_gpio.o(.text)
    GPIO_ReadOutputDataBit                   0x080011ed   Thumb Code    18  stm32f10x_gpio.o(.text)
    GPIO_ReadOutputData                      0x080011ff   Thumb Code     8  stm32f10x_gpio.o(.text)
    GPIO_SetBits                             0x08001207   Thumb Code     4  stm32f10x_gpio.o(.text)
    GPIO_ResetBits                           0x0800120b   Thumb Code     4  stm32f10x_gpio.o(.text)
    GPIO_WriteBit                            0x0800120f   Thumb Code    10  stm32f10x_gpio.o(.text)
    GPIO_Write                               0x08001219   Thumb Code     4  stm32f10x_gpio.o(.text)
    GPIO_PinLockConfig                       0x0800121d   Thumb Code    18  stm32f10x_gpio.o(.text)
    GPIO_EventOutputConfig                   0x0800122f   Thumb Code    26  stm32f10x_gpio.o(.text)
    GPIO_EventOutputCmd                      0x08001249   Thumb Code     6  stm32f10x_gpio.o(.text)
    GPIO_PinRemapConfig                      0x0800124f   Thumb Code   138  stm32f10x_gpio.o(.text)
    GPIO_EXTILineConfig                      0x080012d9   Thumb Code    66  stm32f10x_gpio.o(.text)
    GPIO_ETH_MediaInterfaceConfig            0x0800131b   Thumb Code     8  stm32f10x_gpio.o(.text)
    USART_DeInit                             0x08001349   Thumb Code   134  stm32f10x_usart.o(.text)
    USART_Init                               0x080013cf   Thumb Code   210  stm32f10x_usart.o(.text)
    USART_StructInit                         0x080014a1   Thumb Code    24  stm32f10x_usart.o(.text)
    USART_ClockInit                          0x080014b9   Thumb Code    34  stm32f10x_usart.o(.text)
    USART_ClockStructInit                    0x080014db   Thumb Code    12  stm32f10x_usart.o(.text)
    USART_Cmd                                0x080014e7   Thumb Code    24  stm32f10x_usart.o(.text)
    USART_ITConfig                           0x080014ff   Thumb Code    74  stm32f10x_usart.o(.text)
    USART_DMACmd                             0x08001549   Thumb Code    18  stm32f10x_usart.o(.text)
    USART_SetAddress                         0x0800155b   Thumb Code    18  stm32f10x_usart.o(.text)
    USART_WakeUpConfig                       0x0800156d   Thumb Code    18  stm32f10x_usart.o(.text)
    USART_ReceiverWakeUpCmd                  0x0800157f   Thumb Code    24  stm32f10x_usart.o(.text)
    USART_LINBreakDetectLengthConfig         0x08001597   Thumb Code    18  stm32f10x_usart.o(.text)
    USART_LINCmd                             0x080015a9   Thumb Code    24  stm32f10x_usart.o(.text)
    USART_SendData                           0x080015c1   Thumb Code     8  stm32f10x_usart.o(.text)
    USART_ReceiveData                        0x080015c9   Thumb Code    10  stm32f10x_usart.o(.text)
    USART_SendBreak                          0x080015d3   Thumb Code    10  stm32f10x_usart.o(.text)
    USART_SetGuardTime                       0x080015dd   Thumb Code    16  stm32f10x_usart.o(.text)
    USART_SetPrescaler                       0x080015ed   Thumb Code    16  stm32f10x_usart.o(.text)
    USART_SmartCardCmd                       0x080015fd   Thumb Code    24  stm32f10x_usart.o(.text)
    USART_SmartCardNACKCmd                   0x08001615   Thumb Code    24  stm32f10x_usart.o(.text)
    USART_HalfDuplexCmd                      0x0800162d   Thumb Code    24  stm32f10x_usart.o(.text)
    USART_OverSampling8Cmd                   0x08001645   Thumb Code    22  stm32f10x_usart.o(.text)
    USART_OneBitMethodCmd                    0x0800165b   Thumb Code    24  stm32f10x_usart.o(.text)
    USART_IrDAConfig                         0x08001673   Thumb Code    18  stm32f10x_usart.o(.text)
    USART_IrDACmd                            0x08001685   Thumb Code    24  stm32f10x_usart.o(.text)
    USART_GetFlagStatus                      0x0800169d   Thumb Code    26  stm32f10x_usart.o(.text)
    USART_ClearFlag                          0x080016b7   Thumb Code    18  stm32f10x_usart.o(.text)
    USART_GetITStatus                        0x080016c9   Thumb Code    84  stm32f10x_usart.o(.text)
    USART_ClearITPendingBit                  0x0800171d   Thumb Code    52  stm32f10x_usart.o(.text)
    RCC_DeInit                               0x08001751   Thumb Code    64  stm32f10x_rcc.o(.text)
    RCC_HSEConfig                            0x08001791   Thumb Code    70  stm32f10x_rcc.o(.text)
    RCC_GetFlagStatus                        0x080017d7   Thumb Code    56  stm32f10x_rcc.o(.text)
    RCC_WaitForHSEStartUp                    0x0800180f   Thumb Code    56  stm32f10x_rcc.o(.text)
    RCC_AdjustHSICalibrationValue            0x08001847   Thumb Code    20  stm32f10x_rcc.o(.text)
    RCC_HSICmd                               0x0800185b   Thumb Code     6  stm32f10x_rcc.o(.text)
    RCC_PLLConfig                            0x08001861   Thumb Code    24  stm32f10x_rcc.o(.text)
    RCC_PLLCmd                               0x08001879   Thumb Code     6  stm32f10x_rcc.o(.text)
    RCC_SYSCLKConfig                         0x0800187f   Thumb Code    18  stm32f10x_rcc.o(.text)
    RCC_GetSYSCLKSource                      0x08001891   Thumb Code    10  stm32f10x_rcc.o(.text)
    RCC_HCLKConfig                           0x0800189b   Thumb Code    18  stm32f10x_rcc.o(.text)
    RCC_PCLK1Config                          0x080018ad   Thumb Code    18  stm32f10x_rcc.o(.text)
    RCC_PCLK2Config                          0x080018bf   Thumb Code    20  stm32f10x_rcc.o(.text)
    RCC_ITConfig                             0x080018d3   Thumb Code    26  stm32f10x_rcc.o(.text)
    RCC_USBCLKConfig                         0x080018ed   Thumb Code     8  stm32f10x_rcc.o(.text)
    RCC_ADCCLKConfig                         0x080018f5   Thumb Code    18  stm32f10x_rcc.o(.text)
    RCC_LSEConfig                            0x08001907   Thumb Code    50  stm32f10x_rcc.o(.text)
    RCC_LSICmd                               0x08001939   Thumb Code     6  stm32f10x_rcc.o(.text)
    RCC_RTCCLKConfig                         0x0800193f   Thumb Code    12  stm32f10x_rcc.o(.text)
    RCC_RTCCLKCmd                            0x0800194b   Thumb Code     8  stm32f10x_rcc.o(.text)
    RCC_GetClocksFreq                        0x08001953   Thumb Code   192  stm32f10x_rcc.o(.text)
    RCC_AHBPeriphClockCmd                    0x08001a13   Thumb Code    26  stm32f10x_rcc.o(.text)
    RCC_APB2PeriphClockCmd                   0x08001a2d   Thumb Code    26  stm32f10x_rcc.o(.text)
    RCC_APB1PeriphClockCmd                   0x08001a47   Thumb Code    26  stm32f10x_rcc.o(.text)
    RCC_APB2PeriphResetCmd                   0x08001a61   Thumb Code    26  stm32f10x_rcc.o(.text)
    RCC_APB1PeriphResetCmd                   0x08001a7b   Thumb Code    26  stm32f10x_rcc.o(.text)
    RCC_BackupResetCmd                       0x08001a95   Thumb Code     8  stm32f10x_rcc.o(.text)
    RCC_ClockSecuritySystemCmd               0x08001a9d   Thumb Code     6  stm32f10x_rcc.o(.text)
    RCC_MCOConfig                            0x08001aa3   Thumb Code     6  stm32f10x_rcc.o(.text)
    RCC_ClearFlag                            0x08001aa9   Thumb Code    14  stm32f10x_rcc.o(.text)
    RCC_GetITStatus                          0x08001ab7   Thumb Code    20  stm32f10x_rcc.o(.text)
    RCC_ClearITPendingBit                    0x08001acb   Thumb Code     6  stm32f10x_rcc.o(.text)
    BSP_CPU_ClkFreq                          0x08001af5   Thumb Code    16  bsp.o(.text)
    CPU_TS_TmrInit                           0x08001b05   Thumb Code    44  bsp.o(.text)
    CPU_TS_TmrRd                             0x08001b31   Thumb Code     6  bsp.o(.text)
    CPU_TS32_to_uSec                         0x08001b37   Thumb Code    54  bsp.o(.text)
    CPU_NameClr                              0x08001b79   Thumb Code    42  cpu_core.o(.text)
    CPU_Init                                 0x08001bb9   Thumb Code    12  cpu_core.o(.text)
    CPU_SW_Exception                         0x08001bc5   Thumb Code     4  cpu_core.o(.text)
    CPU_NameGet                              0x08001bc9   Thumb Code    70  cpu_core.o(.text)
    CPU_NameSet                              0x08001c0f   Thumb Code    96  cpu_core.o(.text)
    CPU_TS_Get32                             0x08001c6f   Thumb Code    12  cpu_core.o(.text)
    CPU_TS_Update                            0x08001c7b   Thumb Code     2  cpu_core.o(.text)
    CPU_TS_TmrFreqGet                        0x08001c7d   Thumb Code    30  cpu_core.o(.text)
    CPU_TS_TmrFreqSet                        0x08001c9b   Thumb Code     6  cpu_core.o(.text)
    CPU_CntLeadZeros08                       0x08001ca1   Thumb Code    18  cpu_core.o(.text)
    CPU_CntLeadZeros16                       0x08001cb3   Thumb Code    18  cpu_core.o(.text)
    CPU_CntLeadZeros32                       0x08001cc5   Thumb Code    18  cpu_core.o(.text)
    CPU_CntLeadZeros64                       0x08001cd7   Thumb Code   188  cpu_core.o(.text)
    CPU_CntTrailZeros08                      0x08001d93   Thumb Code    22  cpu_core.o(.text)
    CPU_CntTrailZeros16                      0x08001da9   Thumb Code    22  cpu_core.o(.text)
    CPU_CntTrailZeros32                      0x08001dbf   Thumb Code    22  cpu_core.o(.text)
    CPU_CntTrailZeros64                      0x08001dd5   Thumb Code    62  cpu_core.o(.text)
    CPU_IntDis                               0x08001e21   Thumb Code     0  cpu_a.o(.text)
    CPU_IntEn                                0x08001e25   Thumb Code     0  cpu_a.o(.text)
    CPU_SR_Save                              0x08001e29   Thumb Code     0  cpu_a.o(.text)
    CPU_SR_Restore                           0x08001e31   Thumb Code     0  cpu_a.o(.text)
    CPU_WaitForInt                           0x08001e37   Thumb Code     0  cpu_a.o(.text)
    CPU_WaitForExcept                        0x08001e3b   Thumb Code     0  cpu_a.o(.text)
    CPU_CntLeadZeros                         0x08001e3f   Thumb Code     0  cpu_a.o(.text)
    CPU_CntTrailZeros                        0x08001e45   Thumb Code     0  cpu_a.o(.text)
    CPU_RevBits                              0x08001e4f   Thumb Code     0  cpu_a.o(.text)
    ASCII_IsAlpha                            0x08001e55   Thumb Code    48  lib_ascii.o(.text)
    ASCII_IsAlphaNum                         0x08001e85   Thumb Code    76  lib_ascii.o(.text)
    ASCII_IsLower                            0x08001ed1   Thumb Code    20  lib_ascii.o(.text)
    ASCII_IsUpper                            0x08001ee5   Thumb Code    20  lib_ascii.o(.text)
    ASCII_IsDig                              0x08001ef9   Thumb Code    20  lib_ascii.o(.text)
    ASCII_IsDigOct                           0x08001f0d   Thumb Code    20  lib_ascii.o(.text)
    ASCII_IsDigHex                           0x08001f21   Thumb Code    36  lib_ascii.o(.text)
    ASCII_IsBlank                            0x08001f45   Thumb Code    20  lib_ascii.o(.text)
    ASCII_IsSpace                            0x08001f59   Thumb Code    36  lib_ascii.o(.text)
    ASCII_IsPrint                            0x08001f7d   Thumb Code    20  lib_ascii.o(.text)
    ASCII_IsGraph                            0x08001f91   Thumb Code    20  lib_ascii.o(.text)
    ASCII_IsPunct                            0x08001fa5   Thumb Code   134  lib_ascii.o(.text)
    ASCII_IsCtrl                             0x0800202b   Thumb Code    26  lib_ascii.o(.text)
    ASCII_ToLower                            0x08002045   Thumb Code    32  lib_ascii.o(.text)
    ASCII_ToUpper                            0x08002065   Thumb Code    32  lib_ascii.o(.text)
    ASCII_Cmp                                0x08002085   Thumb Code    38  lib_ascii.o(.text)
    Mem_Init                                 0x080020ad   Thumb Code    54  lib_mem.o(.text)
    Mem_Set                                  0x080020e3   Thumb Code    84  lib_mem.o(.text)
    Mem_Clr                                  0x08002137   Thumb Code    18  lib_mem.o(.text)
    Mem_Move                                 0x08002149   Thumb Code   186  lib_mem.o(.text)
    Mem_Cmp                                  0x08002203   Thumb Code   192  lib_mem.o(.text)
    Mem_HeapAlloc                            0x0800233b   Thumb Code   168  lib_mem.o(.text)
    Mem_SegGetSizeRem                        0x080023e3   Thumb Code   108  lib_mem.o(.text)
    Mem_HeapGetSizeRem                       0x0800244f   Thumb Code    22  lib_mem.o(.text)
    Mem_PoolClr                              0x08002465   Thumb Code    80  lib_mem.o(.text)
    Mem_PoolCreate                           0x080024b5   Thumb Code   838  lib_mem.o(.text)
    Mem_PoolBlkGetNbrAvail                   0x080027fb   Thumb Code    52  lib_mem.o(.text)
    Mem_PoolBlkGet                           0x0800282f   Thumb Code   126  lib_mem.o(.text)
    Mem_PoolBlkGetUsedAtIx                   0x080028ad   Thumb Code   140  lib_mem.o(.text)
    Mem_PoolBlkFree                          0x08002939   Thumb Code   152  lib_mem.o(.text)
    Mem_PoolBlkIxGet                         0x080029d1   Thumb Code   162  lib_mem.o(.text)
    Str_Len_N                                0x08002a75   Thumb Code    28  lib_str.o(.text)
    Str_Len                                  0x08002a91   Thumb Code    20  lib_str.o(.text)
    Str_Copy_N                               0x08002aa5   Thumb Code    70  lib_str.o(.text)
    Str_Copy                                 0x08002aeb   Thumb Code    24  lib_str.o(.text)
    Str_Cat_N                                0x08002b03   Thumb Code    90  lib_str.o(.text)
    Str_Cat                                  0x08002b5d   Thumb Code    24  lib_str.o(.text)
    Str_Cmp_N                                0x08002b75   Thumb Code   156  lib_str.o(.text)
    Str_Cmp                                  0x08002c11   Thumb Code    24  lib_str.o(.text)
    Str_CmpIgnoreCase_N                      0x08002c29   Thumb Code   264  lib_str.o(.text)
    Str_CmpIgnoreCase                        0x08002d31   Thumb Code    24  lib_str.o(.text)
    Str_Char_N                               0x08002d49   Thumb Code    74  lib_str.o(.text)
    Str_Char                                 0x08002d93   Thumb Code    24  lib_str.o(.text)
    Str_Char_Last_N                          0x08002dab   Thumb Code    76  lib_str.o(.text)
    Str_Char_Last                            0x08002df7   Thumb Code    24  lib_str.o(.text)
    Str_Char_Replace_N                       0x08002e0f   Thumb Code    52  lib_str.o(.text)
    Str_Char_Replace                         0x08002e43   Thumb Code    28  lib_str.o(.text)
    Str_Str_N                                0x08002e5f   Thumb Code   182  lib_str.o(.text)
    Str_Str                                  0x08002f15   Thumb Code    24  lib_str.o(.text)
    Str_FmtNbr_Int32U                        0x08003109   Thumb Code    46  lib_str.o(.text)
    Str_FmtNbr_Int32S                        0x08003137   Thumb Code    62  lib_str.o(.text)
    Str_ParseNbr_Int32U                      0x08003333   Thumb Code    30  lib_str.o(.text)
    Str_ParseNbr_Int32S                      0x08003351   Thumb Code    74  lib_str.o(.text)
    Mem_Copy                                 0x080033a1   Thumb Code     0  lib_mem_a.o(.text)
    OSCfg_Init                               0x080035c1   Thumb Code    86  os_cfg_app.o(.text)
    OS_IdleTask                              0x080036bd   Thumb Code    60  os_core.o(.text)
    OS_IdleTaskInit                          0x080036f9   Thumb Code    68  os_core.o(.text)
    OS_RdyListInit                           0x0800373d   Thumb Code    32  os_core.o(.text)
    OSInit                                   0x0800375d   Thumb Code   300  os_core.o(.text)
    OSIntEnter                               0x08003889   Thumb Code    34  os_core.o(.text)
    OSIntExit                                0x080038ab   Thumb Code   192  os_core.o(.text)
    OSSched                                  0x0800396b   Thumb Code   134  os_core.o(.text)
    OS_SchedLockTimeMeasStart                0x080039f1   Thumb Code    20  os_core.o(.text)
    OSSchedLock                              0x08003a05   Thumb Code   104  os_core.o(.text)
    OS_SchedLockTimeMeasStop                 0x08003a6d   Thumb Code    44  os_core.o(.text)
    OSSchedUnlock                            0x08003a99   Thumb Code   290  os_core.o(.text)
    OSSchedRoundRobinCfg                     0x08003bbb   Thumb Code    88  os_core.o(.text)
    OS_RdyListMoveHeadToTail                 0x08003c13   Thumb Code    68  os_core.o(.text)
    OSSchedRoundRobinYield                   0x08003c57   Thumb Code   164  os_core.o(.text)
    OSStart                                  0x08003cfb   Thumb Code    78  os_core.o(.text)
    OSVersion                                0x08003d49   Thumb Code    12  os_core.o(.text)
    OS_PendDbgNameAdd                        0x08003d55   Thumb Code    66  os_core.o(.text)
    OS_PendListInsertPrio                    0x08003d97   Thumb Code   102  os_core.o(.text)
    OS_PendDataInit                          0x08003dfd   Thumb Code    38  os_core.o(.text)
    OS_RdyListRemove                         0x08003e23   Thumb Code    86  os_core.o(.text)
    OS_TaskBlock                             0x08003e79   Thumb Code    56  os_core.o(.text)
    OS_Pend                                  0x08003eb1   Thumb Code    98  os_core.o(.text)
    OS_PendListRemove1                       0x08003f13   Thumb Code   134  os_core.o(.text)
    OS_PendListRemove                        0x08003f99   Thumb Code    48  os_core.o(.text)
    OS_PendAbort1                            0x08003fc9   Thumb Code    36  os_core.o(.text)
    OS_RdyListInsertHead                     0x08003fed   Thumb Code    58  os_core.o(.text)
    OS_RdyListInsertTail                     0x08004027   Thumb Code    56  os_core.o(.text)
    OS_RdyListInsert                         0x0800405f   Thumb Code    40  os_core.o(.text)
    OS_TaskRdy                               0x08004087   Thumb Code    28  os_core.o(.text)
    OS_PendAbort                             0x080040a3   Thumb Code   166  os_core.o(.text)
    OS_PendDbgNameRemove                     0x08004149   Thumb Code    34  os_core.o(.text)
    OS_PendListChangePrio                    0x0800416b   Thumb Code    70  os_core.o(.text)
    OS_PendListInit                          0x080041b1   Thumb Code    10  os_core.o(.text)
    OS_PendListInsertHead                    0x080041bb   Thumb Code    32  os_core.o(.text)
    OS_PendObjDel1                           0x080041db   Thumb Code    36  os_core.o(.text)
    OS_PendObjDel                            0x080041ff   Thumb Code   162  os_core.o(.text)
    OS_Post1                                 0x080042a1   Thumb Code    42  os_core.o(.text)
    OS_Post                                  0x080042cb   Thumb Code   192  os_core.o(.text)
    OS_Sched0                                0x0800438b   Thumb Code   102  os_core.o(.text)
    OS_SchedRoundRobin                       0x080043f1   Thumb Code   190  os_core.o(.text)
    OS_Dbg_Init                              0x080044c1   Thumb Code   146  os_dbg.o(.text)
    OS_FlagDbgListAdd                        0x08004671   Thumb Code    38  os_flag.o(.text)
    OSFlagCreate                             0x08004697   Thumb Code   172  os_flag.o(.text)
    OS_FlagClr                               0x08004743   Thumb Code    28  os_flag.o(.text)
    OS_FlagDbgListRemove                     0x0800475f   Thumb Code    44  os_flag.o(.text)
    OSFlagDel                                0x0800478b   Thumb Code   594  os_flag.o(.text)
    OS_FlagBlock                             0x080049dd   Thumb Code    58  os_flag.o(.text)
    OSFlagPend                               0x08004a17   Thumb Code  1488  os_flag.o(.text)
    OSFlagPendAbort                          0x08004fe7   Thumb Code   292  os_flag.o(.text)
    OSFlagPendGetFlagsRdy                    0x0800510b   Thumb Code    68  os_flag.o(.text)
    OS_FlagTaskRdy                           0x0800514f   Thumb Code    86  os_flag.o(.text)
    OS_FlagPost                              0x080051a5   Thumb Code   570  os_flag.o(.text)
    OSFlagPost                               0x080053df   Thumb Code   146  os_flag.o(.text)
    OS_FlagInit                              0x08005471   Thumb Code    14  os_flag.o(.text)
    OS_IntQPost                              0x08005499   Thumb Code   216  os_int.o(.text)
    OS_IntQRePost                            0x08005571   Thumb Code   360  os_int.o(.text)
    OS_IntQTask                              0x080056d9   Thumb Code   162  os_int.o(.text)
    OS_IntQTaskInit                          0x0800577b   Thumb Code   208  os_int.o(.text)
    OS_MemDbgListAdd                         0x080058dd   Thumb Code    34  os_mem.o(.text)
    OSMemCreate                              0x080058ff   Thumb Code   288  os_mem.o(.text)
    OSMemGet                                 0x08005a1f   Thumb Code   100  os_mem.o(.text)
    OSMemPut                                 0x08005a83   Thumb Code   112  os_mem.o(.text)
    OS_MemInit                               0x08005af3   Thumb Code    14  os_mem.o(.text)
    OS_MsgPoolCreate                         0x08005b15   Thumb Code    54  os_msg.o(.text)
    OS_MsgPoolInit                           0x08005b4b   Thumb Code    70  os_msg.o(.text)
    OS_MsgQFreeAll                           0x08005b91   Thumb Code    62  os_msg.o(.text)
    OS_MsgQInit                              0x08005bcf   Thumb Code    14  os_msg.o(.text)
    OS_MsgQGet                               0x08005bdd   Thumb Code    98  os_msg.o(.text)
    OS_MsgQPut                               0x08005c3f   Thumb Code   246  os_msg.o(.text)
    OS_MutexDbgListAdd                       0x08005d41   Thumb Code    38  os_mutex.o(.text)
    OSMutexCreate                            0x08005d67   Thumb Code   178  os_mutex.o(.text)
    OS_MutexClr                              0x08005e19   Thumb Code    38  os_mutex.o(.text)
    OS_MutexDbgListRemove                    0x08005e3f   Thumb Code    44  os_mutex.o(.text)
    OSMutexDel                               0x08005e6b   Thumb Code   842  os_mutex.o(.text)
    OSMutexPend                              0x080061b5   Thumb Code   706  os_mutex.o(.text)
    OSMutexPendAbort                         0x08006477   Thumb Code   314  os_mutex.o(.text)
    OSMutexPost                              0x080065b1   Thumb Code   564  os_mutex.o(.text)
    OS_MutexInit                             0x080067e5   Thumb Code    14  os_mutex.o(.text)
    OS_PrioInit                              0x08006815   Thumb Code    20  os_prio.o(.text)
    OS_PrioGetHighest                        0x08006829   Thumb Code    36  os_prio.o(.text)
    OS_PrioInsert                            0x0800684d   Thumb Code    32  os_prio.o(.text)
    OS_PrioRemove                            0x0800686d   Thumb Code    32  os_prio.o(.text)
    OS_QDbgListAdd                           0x08006891   Thumb Code    38  os_q.o(.text)
    OSQCreate                                0x080068b7   Thumb Code   186  os_q.o(.text)
    OS_QClr                                  0x08006971   Thumb Code    40  os_q.o(.text)
    OS_QDbgListRemove                        0x08006999   Thumb Code    44  os_q.o(.text)
    OSQDel                                   0x080069c5   Thumb Code   362  os_q.o(.text)
    OSQFlush                                 0x08006b2f   Thumb Code   210  os_q.o(.text)
    OSQPend                                  0x08006c01   Thumb Code   538  os_q.o(.text)
    OSQPendAbort                             0x08006e1b   Thumb Code   292  os_q.o(.text)
    OS_QPost                                 0x08006f3f   Thumb Code   324  os_q.o(.text)
    OSQPost                                  0x08007083   Thumb Code   198  os_q.o(.text)
    OS_QInit                                 0x08007149   Thumb Code    14  os_q.o(.text)
    OS_SemDbgListAdd                         0x08007169   Thumb Code    38  os_sem.o(.text)
    OSSemCreate                              0x0800718f   Thumb Code   172  os_sem.o(.text)
    OS_SemClr                                0x0800723b   Thumb Code    28  os_sem.o(.text)
    OS_SemDbgListRemove                      0x08007257   Thumb Code    44  os_sem.o(.text)
    OSSemDel                                 0x08007283   Thumb Code   362  os_sem.o(.text)
    OSSemPend                                0x080073ed   Thumb Code   504  os_sem.o(.text)
    OSSemPendAbort                           0x080075e5   Thumb Code   292  os_sem.o(.text)
    OS_SemPost                               0x08007709   Thumb Code   350  os_sem.o(.text)
    OSSemPost                                0x08007867   Thumb Code   144  os_sem.o(.text)
    OSSemSet                                 0x080078f7   Thumb Code   138  os_sem.o(.text)
    OS_SemInit                               0x08007981   Thumb Code    14  os_sem.o(.text)
    OSStatReset                              0x08007999   Thumb Code   270  os_stat.o(.text)
    OSStatTaskCPUUsageInit                   0x08007aa7   Thumb Code   212  os_stat.o(.text)
    OS_StatTask                              0x08007b7b   Thumb Code   888  os_stat.o(.text)
    OS_StatTaskInit                          0x08007ef3   Thumb Code   138  os_stat.o(.text)
    OSTaskChangePrio                         0x08007fd1   Thumb Code   416  os_task.o(.text)
    OS_TaskDbgListAdd                        0x08008171   Thumb Code    42  os_task.o(.text)
    OS_TaskInitTCB                           0x0800819b   Thumb Code   186  os_task.o(.text)
    OSTaskCreate                             0x08008255   Thumb Code   616  os_task.o(.text)
    OS_TaskDbgListRemove                     0x080084bd   Thumb Code    64  os_task.o(.text)
    OSTaskDel                                0x080084fd   Thumb Code   424  os_task.o(.text)
    OSTaskQFlush                             0x080086a5   Thumb Code   214  os_task.o(.text)
    OSTaskQPend                              0x0800877b   Thumb Code   554  os_task.o(.text)
    OSTaskQPendAbort                         0x080089a5   Thumb Code   242  os_task.o(.text)
    OS_TaskQPost                             0x08008a97   Thumb Code   526  os_task.o(.text)
    OSTaskQPost                              0x08008ca5   Thumb Code   114  os_task.o(.text)
    OSTaskRegGet                             0x08008d17   Thumb Code    78  os_task.o(.text)
    OSTaskRegGetID                           0x08008d65   Thumb Code    84  os_task.o(.text)
    OSTaskRegSet                             0x08008db9   Thumb Code    78  os_task.o(.text)
    OS_TaskResume                            0x08008e07   Thumb Code   314  os_task.o(.text)
    OSTaskResume                             0x08008f41   Thumb Code   112  os_task.o(.text)
    OSTaskSemPend                            0x08008fb1   Thumb Code   550  os_task.o(.text)
    OSTaskSemPendAbort                       0x080091d7   Thumb Code   270  os_task.o(.text)
    OS_TaskSemPost                           0x080092e5   Thumb Code  1224  os_task.o(.text)
    OSTaskSemPost                            0x080097ad   Thumb Code    98  os_task.o(.text)
    OSTaskSemSet                             0x0800980f   Thumb Code    80  os_task.o(.text)
    OSTaskStkChk                             0x0800985f   Thumb Code   224  os_task.o(.text)
    OS_TaskSuspend                           0x0800993f   Thumb Code   328  os_task.o(.text)
    OSTaskSuspend                            0x08009a87   Thumb Code    78  os_task.o(.text)
    OSTaskTimeQuantaSet                      0x08009ad5   Thumb Code    96  os_task.o(.text)
    OS_TaskInit                              0x08009b35   Thumb Code    18  os_task.o(.text)
    OS_TaskReturn                            0x08009b47   Thumb Code    20  os_task.o(.text)
    OS_TickListRemove                        0x08009b85   Thumb Code    56  os_tick.o(.text)
    OS_TickListUpdate                        0x08009bbd   Thumb Code   480  os_tick.o(.text)
    OS_TickTask                              0x08009d9d   Thumb Code    38  os_tick.o(.text)
    OS_TickListInit                          0x08009dc3   Thumb Code    32  os_tick.o(.text)
    OS_TickTaskInit                          0x08009de3   Thumb Code   130  os_tick.o(.text)
    OS_TickListInsert                        0x08009e65   Thumb Code   502  os_tick.o(.text)
    OS_TickListResetPeak                     0x0800a05b   Thumb Code    28  os_tick.o(.text)
    OSTimeDly                                0x0800a081   Thumb Code   266  os_time.o(.text)
    OSTimeDlyHMSM                            0x0800a18b   Thumb Code   480  os_time.o(.text)
    OSTimeDlyResume                          0x0800a36b   Thumb Code   466  os_time.o(.text)
    OSTimeGet                                0x0800a53d   Thumb Code    46  os_time.o(.text)
    OSTimeSet                                0x0800a56b   Thumb Code    46  os_time.o(.text)
    OSTimeTick                               0x0800a599   Thumb Code    54  os_time.o(.text)
    OS_TmrDbgListAdd                         0x0800a5e5   Thumb Code    34  os_tmr.o(.text)
    OSTmrCreate                              0x0800a607   Thumb Code   248  os_tmr.o(.text)
    OS_TmrClr                                0x0800a6ff   Thumb Code    36  os_tmr.o(.text)
    OS_TmrUnlink                             0x0800a723   Thumb Code    72  os_tmr.o(.text)
    OS_TmrDbgListRemove                      0x0800a76b   Thumb Code    44  os_tmr.o(.text)
    OSTmrDel                                 0x0800a797   Thumb Code   176  os_tmr.o(.text)
    OSTmrRemainGet                           0x0800a847   Thumb Code   184  os_tmr.o(.text)
    OS_TmrLink                               0x0800a8ff   Thumb Code   196  os_tmr.o(.text)
    OSTmrStart                               0x0800a9c3   Thumb Code   210  os_tmr.o(.text)
    OSTmrStateGet                            0x0800aa95   Thumb Code   134  os_tmr.o(.text)
    OSTmrStop                                0x0800ab1b   Thumb Code   232  os_tmr.o(.text)
    OS_TmrTask                               0x0800ac03   Thumb Code   176  os_tmr.o(.text)
    OS_TmrInit                               0x0800acb3   Thumb Code   208  os_tmr.o(.text)
    OS_TmrResetPeak                          0x0800ad83   Thumb Code    28  os_tmr.o(.text)
    OSIdleTaskHook                           0x0800adfd   Thumb Code    16  os_cpu_c.o(.text)
    OSInitHook                               0x0800ae0d   Thumb Code    42  os_cpu_c.o(.text)
    OSStatTaskHook                           0x0800ae37   Thumb Code    16  os_cpu_c.o(.text)
    OSTaskCreateHook                         0x0800ae47   Thumb Code    20  os_cpu_c.o(.text)
    OSTaskDelHook                            0x0800ae5b   Thumb Code    20  os_cpu_c.o(.text)
    OSTaskReturnHook                         0x0800ae6f   Thumb Code    20  os_cpu_c.o(.text)
    OSTaskStkInit                            0x0800ae83   Thumb Code   188  os_cpu_c.o(.text)
    OSTaskSwHook                             0x0800af3f   Thumb Code   120  os_cpu_c.o(.text)
    OSTimeTickHook                           0x0800afb7   Thumb Code    16  os_cpu_c.o(.text)
    OS_CPU_SysTickHandler                    0x0800afc7   Thumb Code    52  os_cpu_c.o(.text)
    OS_CPU_SysTickInit                       0x0800affb   Thumb Code    44  os_cpu_c.o(.text)
    __use_no_semihosting                     0x0800b069   Thumb Code     2  use_no_semi_2.o(.text)
    __aeabi_uldivmod                         0x0800b06b   Thumb Code     0  lludivv7m.o(.text)
    _ll_udiv                                 0x0800b06b   Thumb Code   238  lludivv7m.o(.text)
    __2printf                                0x0800b159   Thumb Code    20  noretval__2printf.o(.text)
    __use_two_region_memory                  0x0800b171   Thumb Code     2  heapauxi.o(.text)
    __rt_heap_escrow$2region                 0x0800b173   Thumb Code     2  heapauxi.o(.text)
    __rt_heap_expand$2region                 0x0800b175   Thumb Code     2  heapauxi.o(.text)
    __I$use$semihosting                      0x0800b177   Thumb Code     0  use_no_semi.o(.text)
    __use_no_semihosting_swi                 0x0800b177   Thumb Code     2  use_no_semi.o(.text)
    _printf_char_file                        0x0800b179   Thumb Code    32  _printf_char_file.o(.text)
    _printf_char_common                      0x0800b1a7   Thumb Code    32  _printf_char_common.o(.text)
    ferror                                   0x0800b1cd   Thumb Code     8  ferror.o(.text)
    __user_setup_stackheap                   0x0800b1d5   Thumb Code    74  sys_stackheap_outer.o(.text)
    __printf                                 0x0800b21f   Thumb Code    40  __printf_nopercent.o(.text)
    exit                                     0x0800b247   Thumb Code    18  exit.o(.text)
    __user_libspace                          0x0800b259   Thumb Code     8  libspace.o(.text)
    __user_perproc_libspace                  0x0800b259   Thumb Code     0  libspace.o(.text)
    __user_perthread_libspace                0x0800b259   Thumb Code     0  libspace.o(.text)
    OSStartHighRdy                           0x0800b261   Thumb Code     0  os_cpu_a.o(CODE)
    PendSV_Handler                           0x0800b297   Thumb Code     0  os_cpu_a.o(CODE)
    CPU_EndiannessTest                       0x0800b3f8   Data           4  cpu_core.o(.constdata)
    OSCfg_IdleTaskStkBasePtr                 0x0800b490   Data           4  os_cfg_app.o(.constdata)
    OSCfg_IdleTaskStkLimit                   0x0800b494   Data           4  os_cfg_app.o(.constdata)
    OSCfg_IdleTaskStkSize                    0x0800b498   Data           4  os_cfg_app.o(.constdata)
    OSCfg_IdleTaskStkSizeRAM                 0x0800b49c   Data           4  os_cfg_app.o(.constdata)
    OSCfg_IntQBasePtr                        0x0800b4a0   Data           4  os_cfg_app.o(.constdata)
    OSCfg_IntQSize                           0x0800b4a4   Data           2  os_cfg_app.o(.constdata)
    OSCfg_IntQSizeRAM                        0x0800b4a8   Data           4  os_cfg_app.o(.constdata)
    OSCfg_IntQTaskStkBasePtr                 0x0800b4ac   Data           4  os_cfg_app.o(.constdata)
    OSCfg_IntQTaskStkLimit                   0x0800b4b0   Data           4  os_cfg_app.o(.constdata)
    OSCfg_IntQTaskStkSize                    0x0800b4b4   Data           4  os_cfg_app.o(.constdata)
    OSCfg_IntQTaskStkSizeRAM                 0x0800b4b8   Data           4  os_cfg_app.o(.constdata)
    OSCfg_ISRStkBasePtr                      0x0800b4bc   Data           4  os_cfg_app.o(.constdata)
    OSCfg_ISRStkSize                         0x0800b4c0   Data           4  os_cfg_app.o(.constdata)
    OSCfg_ISRStkSizeRAM                      0x0800b4c4   Data           4  os_cfg_app.o(.constdata)
    OSCfg_MsgPoolSize                        0x0800b4c8   Data           2  os_cfg_app.o(.constdata)
    OSCfg_MsgPoolSizeRAM                     0x0800b4cc   Data           4  os_cfg_app.o(.constdata)
    OSCfg_MsgPoolBasePtr                     0x0800b4d0   Data           4  os_cfg_app.o(.constdata)
    OSCfg_StatTaskPrio                       0x0800b4d4   Data           1  os_cfg_app.o(.constdata)
    OSCfg_StatTaskRate_Hz                    0x0800b4d8   Data           4  os_cfg_app.o(.constdata)
    OSCfg_StatTaskStkBasePtr                 0x0800b4dc   Data           4  os_cfg_app.o(.constdata)
    OSCfg_StatTaskStkLimit                   0x0800b4e0   Data           4  os_cfg_app.o(.constdata)
    OSCfg_StatTaskStkSize                    0x0800b4e4   Data           4  os_cfg_app.o(.constdata)
    OSCfg_StatTaskStkSizeRAM                 0x0800b4e8   Data           4  os_cfg_app.o(.constdata)
    OSCfg_StkSizeMin                         0x0800b4ec   Data           4  os_cfg_app.o(.constdata)
    OSCfg_TickRate_Hz                        0x0800b4f0   Data           4  os_cfg_app.o(.constdata)
    OSCfg_TickTaskPrio                       0x0800b4f4   Data           1  os_cfg_app.o(.constdata)
    OSCfg_TickTaskStkBasePtr                 0x0800b4f8   Data           4  os_cfg_app.o(.constdata)
    OSCfg_TickTaskStkLimit                   0x0800b4fc   Data           4  os_cfg_app.o(.constdata)
    OSCfg_TickTaskStkSize                    0x0800b500   Data           4  os_cfg_app.o(.constdata)
    OSCfg_TickTaskStkSizeRAM                 0x0800b504   Data           4  os_cfg_app.o(.constdata)
    OSCfg_TickWheelSize                      0x0800b508   Data           2  os_cfg_app.o(.constdata)
    OSCfg_TickWheelSizeRAM                   0x0800b50c   Data           4  os_cfg_app.o(.constdata)
    OSCfg_TmrTaskPrio                        0x0800b510   Data           1  os_cfg_app.o(.constdata)
    OSCfg_TmrTaskRate_Hz                     0x0800b514   Data           4  os_cfg_app.o(.constdata)
    OSCfg_TmrTaskStkBasePtr                  0x0800b518   Data           4  os_cfg_app.o(.constdata)
    OSCfg_TmrTaskStkLimit                    0x0800b51c   Data           4  os_cfg_app.o(.constdata)
    OSCfg_TmrTaskStkSize                     0x0800b520   Data           4  os_cfg_app.o(.constdata)
    OSCfg_TmrTaskStkSizeRAM                  0x0800b524   Data           4  os_cfg_app.o(.constdata)
    OSCfg_TmrWheelSize                       0x0800b528   Data           2  os_cfg_app.o(.constdata)
    OSCfg_TmrWheelSizeRAM                    0x0800b52c   Data           4  os_cfg_app.o(.constdata)
    OSCfg_DataSizeRAM                        0x0800b530   Data           4  os_cfg_app.o(.constdata)
    OSDbg_DbgEn                              0x0800b534   Data           2  os_dbg.o(.constdata)
    OSDbg_ArgChkEn                           0x0800b536   Data           1  os_dbg.o(.constdata)
    OSDbg_AppHooksEn                         0x0800b537   Data           1  os_dbg.o(.constdata)
    OSDbg_EndiannessTest                     0x0800b538   Data           4  os_dbg.o(.constdata)
    OSDbg_CalledFromISRChkEn                 0x0800b53c   Data           1  os_dbg.o(.constdata)
    OSDbg_FlagEn                             0x0800b53d   Data           1  os_dbg.o(.constdata)
    OSDbg_FlagGrp                            0x0800b540   Data          40  os_dbg.o(.constdata)
    OSDbg_FlagDelEn                          0x0800b568   Data           1  os_dbg.o(.constdata)
    OSDbg_FlagModeClrEn                      0x0800b569   Data           1  os_dbg.o(.constdata)
    OSDbg_FlagPendAbortEn                    0x0800b56a   Data           1  os_dbg.o(.constdata)
    OSDbg_FlagGrpSize                        0x0800b56c   Data           2  os_dbg.o(.constdata)
    OSDbg_FlagWidth                          0x0800b56e   Data           2  os_dbg.o(.constdata)
    OSDbg_IntQ                               0x0800b570   Data           2  os_dbg.o(.constdata)
    OSDbg_ISRPostDeferredEn                  0x0800b572   Data           1  os_dbg.o(.constdata)
    OSDbg_Mem                                0x0800b574   Data          32  os_dbg.o(.constdata)
    OSDbg_MemEn                              0x0800b594   Data           1  os_dbg.o(.constdata)
    OSDbg_MemSize                            0x0800b596   Data           2  os_dbg.o(.constdata)
    OSDbg_MsgEn                              0x0800b598   Data           1  os_dbg.o(.constdata)
    OSDbg_MsgSize                            0x0800b59a   Data           2  os_dbg.o(.constdata)
    OSDbg_MsgPoolSize                        0x0800b59c   Data           2  os_dbg.o(.constdata)
    OSDbg_MsgQSize                           0x0800b59e   Data           2  os_dbg.o(.constdata)
    OSDbg_Mutex                              0x0800b5a0   Data          44  os_dbg.o(.constdata)
    OSDbg_MutexEn                            0x0800b5cc   Data           1  os_dbg.o(.constdata)
    OSDbg_MutexDelEn                         0x0800b5cd   Data           1  os_dbg.o(.constdata)
    OSDbg_MutexPendAbortEn                   0x0800b5ce   Data           1  os_dbg.o(.constdata)
    OSDbg_MutexSize                          0x0800b5d0   Data           2  os_dbg.o(.constdata)
    OSDbg_ObjTypeChkEn                       0x0800b5d2   Data           1  os_dbg.o(.constdata)
    OSDbg_PendMultiEn                        0x0800b5d3   Data           1  os_dbg.o(.constdata)
    OSDbg_PendDataSize                       0x0800b5d4   Data           2  os_dbg.o(.constdata)
    OSDbg_PendListSize                       0x0800b5d6   Data           2  os_dbg.o(.constdata)
    OSDbg_PendObjSize                        0x0800b5d8   Data           2  os_dbg.o(.constdata)
    OSDbg_PrioMax                            0x0800b5da   Data           2  os_dbg.o(.constdata)
    OSDbg_PrioTblSize                        0x0800b5dc   Data           2  os_dbg.o(.constdata)
    OSDbg_PtrSize                            0x0800b5de   Data           2  os_dbg.o(.constdata)
    OSDbg_Q                                  0x0800b5e0   Data          48  os_dbg.o(.constdata)
    OSDbg_QEn                                0x0800b610   Data           1  os_dbg.o(.constdata)
    OSDbg_QDelEn                             0x0800b611   Data           1  os_dbg.o(.constdata)
    OSDbg_QFlushEn                           0x0800b612   Data           1  os_dbg.o(.constdata)
    OSDbg_QPendAbortEn                       0x0800b613   Data           1  os_dbg.o(.constdata)
    OSDbg_QSize                              0x0800b614   Data           2  os_dbg.o(.constdata)
    OSDbg_SchedRoundRobinEn                  0x0800b616   Data           1  os_dbg.o(.constdata)
    OSDbg_Sem                                0x0800b618   Data          40  os_dbg.o(.constdata)
    OSDbg_SemEn                              0x0800b640   Data           1  os_dbg.o(.constdata)
    OSDbg_SemDelEn                           0x0800b641   Data           1  os_dbg.o(.constdata)
    OSDbg_SemPendAbortEn                     0x0800b642   Data           1  os_dbg.o(.constdata)
    OSDbg_SemSetEn                           0x0800b643   Data           1  os_dbg.o(.constdata)
    OSDbg_SemSize                            0x0800b644   Data           2  os_dbg.o(.constdata)
    OSDbg_RdyList                            0x0800b646   Data           2  os_dbg.o(.constdata)
    OSDbg_RdyListSize                        0x0800b648   Data           4  os_dbg.o(.constdata)
    OSDbg_StkWidth                           0x0800b64c   Data           1  os_dbg.o(.constdata)
    OSDbg_StatTaskEn                         0x0800b64d   Data           1  os_dbg.o(.constdata)
    OSDbg_StatTaskStkChkEn                   0x0800b64e   Data           1  os_dbg.o(.constdata)
    OSDbg_TaskChangePrioEn                   0x0800b64f   Data           1  os_dbg.o(.constdata)
    OSDbg_TaskDelEn                          0x0800b650   Data           1  os_dbg.o(.constdata)
    OSDbg_TaskQEn                            0x0800b651   Data           1  os_dbg.o(.constdata)
    OSDbg_TaskQPendAbortEn                   0x0800b652   Data           1  os_dbg.o(.constdata)
    OSDbg_TaskProfileEn                      0x0800b653   Data           1  os_dbg.o(.constdata)
    OSDbg_TaskRegTblSize                     0x0800b654   Data           2  os_dbg.o(.constdata)
    OSDbg_TaskSemPendAbortEn                 0x0800b656   Data           1  os_dbg.o(.constdata)
    OSDbg_TaskSuspendEn                      0x0800b657   Data           1  os_dbg.o(.constdata)
    OSDbg_TCBSize                            0x0800b658   Data           2  os_dbg.o(.constdata)
    OSDbg_TickSpokeSize                      0x0800b65a   Data           2  os_dbg.o(.constdata)
    OSDbg_TimeDlyHMSMEn                      0x0800b65c   Data           1  os_dbg.o(.constdata)
    OSDbg_TimeDlyResumeEn                    0x0800b65d   Data           1  os_dbg.o(.constdata)
    OSDbg_TLS_TblSize                        0x0800b65e   Data           2  os_dbg.o(.constdata)
    OSDbg_Tmr                                0x0800b660   Data          52  os_dbg.o(.constdata)
    OSDbg_TmrEn                              0x0800b694   Data           1  os_dbg.o(.constdata)
    OSDbg_TmrDelEn                           0x0800b695   Data           1  os_dbg.o(.constdata)
    OSDbg_TmrSize                            0x0800b696   Data           2  os_dbg.o(.constdata)
    OSDbg_TmrSpokeSize                       0x0800b698   Data           2  os_dbg.o(.constdata)
    OSDbg_VersionNbr                         0x0800b69a   Data           2  os_dbg.o(.constdata)
    OSDbg_DataSize                           0x0800b69c   Data           4  os_dbg.o(.constdata)
    Region$$Table$$Base                      0x0800b6a0   Number         0  anon$$obj.o(Region$$Table)
    Region$$Table$$Limit                     0x0800b6c0   Number         0  anon$$obj.o(Region$$Table)
    L_IR                                     0x20000000   Data           5  main.o(.data)
    R_IR                                     0x20000005   Data           5  main.o(.data)
    SystemCoreClock                          0x2000000c   Data           4  system_stm32f10x.o(.data)
    AHBPrescTable                            0x20000010   Data          16  system_stm32f10x.o(.data)
    __stdout                                 0x20000024   Data           4  usart.o(.data)
    USART_RX_STA                             0x20000028   Data           2  usart.o(.data)
    init                                     0x2000002a   Data           1  usart.o(.data)
    L_IR_Rec                                 0x2000002b   Data           3  usart.o(.data)
    R_IR_Rec                                 0x2000002e   Data           3  usart.o(.data)
    L_IR_RecTemp                             0x20000031   Data           1  usart.o(.data)
    R_IR_RecTemp                             0x20000032   Data           1  usart.o(.data)
    L_IR_SendTemp                            0x20000033   Data           1  usart.o(.data)
    R_IR_SendTemp                            0x20000034   Data           1  usart.o(.data)
    Lcount                                   0x20000035   Data           1  usart.o(.data)
    Rcount                                   0x20000036   Data           1  usart.o(.data)
    L_State                                  0x20000037   Data           1  usart.o(.data)
    R_State                                  0x20000038   Data           1  usart.o(.data)
    L_Timing                                 0x20000039   Data           1  usart.o(.data)
    R_Timing                                 0x2000003a   Data           1  usart.o(.data)
    L_Timing_L                               0x2000003b   Data           1  usart.o(.data)
    L_Timing_R                               0x2000003c   Data           1  usart.o(.data)
    R_Timing_L                               0x2000003d   Data           1  usart.o(.data)
    R_Timing_R                               0x2000003e   Data           1  usart.o(.data)
    Usart1_Send_Buffer                       0x2000003f   Data           5  usart.o(.data)
    CPU_TS_TmrFreq_Hz                        0x20000058   Data           4  cpu_core.o(.data)
    Mem_PoolTbl                              0x2000005c   Data           4  lib_mem.o(.data)
    OSPrioTbl                                0x20000060   Data           8  os_prio.o(.data)
    OS_AppTaskCreateHookPtr                  0x20000068   Data           4  os_var.o(.data)
    OS_AppTaskDelHookPtr                     0x2000006c   Data           4  os_var.o(.data)
    OS_AppTaskReturnHookPtr                  0x20000070   Data           4  os_var.o(.data)
    OS_AppIdleTaskHookPtr                    0x20000074   Data           4  os_var.o(.data)
    OS_AppStatTaskHookPtr                    0x20000078   Data           4  os_var.o(.data)
    OS_AppTaskSwHookPtr                      0x2000007c   Data           4  os_var.o(.data)
    OS_AppTimeTickHookPtr                    0x20000080   Data           4  os_var.o(.data)
    OSIdleTaskCtr                            0x20000084   Data           4  os_var.o(.data)
    OSIntNestingCtr                          0x20000088   Data           1  os_var.o(.data)
    OSRunning                                0x20000089   Data           1  os_var.o(.data)
    OSIntQInPtr                              0x2000008c   Data           4  os_var.o(.data)
    OSIntQOutPtr                             0x20000090   Data           4  os_var.o(.data)
    OSIntQNbrEntries                         0x20000094   Data           2  os_var.o(.data)
    OSIntQNbrEntriesMax                      0x20000096   Data           2  os_var.o(.data)
    OSIntQOvfCtr                             0x20000098   Data           2  os_var.o(.data)
    OSIntQTaskTimeMax                        0x2000009c   Data           4  os_var.o(.data)
    OSFlagDbgListPtr                         0x200000a0   Data           4  os_var.o(.data)
    OSFlagQty                                0x200000a4   Data           2  os_var.o(.data)
    OSMemDbgListPtr                          0x200000a8   Data           4  os_var.o(.data)
    OSMemQty                                 0x200000ac   Data           2  os_var.o(.data)
    OSMutexDbgListPtr                        0x200000b0   Data           4  os_var.o(.data)
    OSMutexQty                               0x200000b4   Data           2  os_var.o(.data)
    OSPrioCur                                0x200000b6   Data           1  os_var.o(.data)
    OSPrioHighRdy                            0x200000b7   Data           1  os_var.o(.data)
    OSPrioSaved                              0x200000b8   Data           1  os_var.o(.data)
    OSQDbgListPtr                            0x200000bc   Data           4  os_var.o(.data)
    OSQQty                                   0x200000c0   Data           2  os_var.o(.data)
    OSSchedLockTimeBegin                     0x200000c4   Data           4  os_var.o(.data)
    OSSchedLockTimeMax                       0x200000c8   Data           4  os_var.o(.data)
    OSSchedLockTimeMaxCur                    0x200000cc   Data           4  os_var.o(.data)
    OSSchedLockNestingCtr                    0x200000d0   Data           1  os_var.o(.data)
    OSSchedRoundRobinDfltTimeQuanta          0x200000d4   Data           4  os_var.o(.data)
    OSSchedRoundRobinEn                      0x200000d8   Data           1  os_var.o(.data)
    OSSemDbgListPtr                          0x200000dc   Data           4  os_var.o(.data)
    OSSemQty                                 0x200000e0   Data           2  os_var.o(.data)
    OSStatResetFlag                          0x200000e2   Data           1  os_var.o(.data)
    OSStatTaskCPUUsage                       0x200000e4   Data           2  os_var.o(.data)
    OSStatTaskCPUUsageMax                    0x200000e6   Data           2  os_var.o(.data)
    OSStatTaskCtr                            0x200000e8   Data           4  os_var.o(.data)
    OSStatTaskCtrMax                         0x200000ec   Data           4  os_var.o(.data)
    OSStatTaskCtrRun                         0x200000f0   Data           4  os_var.o(.data)
    OSStatTaskRdy                            0x200000f4   Data           1  os_var.o(.data)
    OSStatTaskTimeMax                        0x200000f8   Data           4  os_var.o(.data)
    OSTaskCtxSwCtr                           0x200000fc   Data           4  os_var.o(.data)
    OSTaskDbgListPtr                         0x20000100   Data           4  os_var.o(.data)
    OSTaskQty                                0x20000104   Data           2  os_var.o(.data)
    OSTaskRegNextAvailID                     0x20000106   Data           1  os_var.o(.data)
    OSTickCtr                                0x20000108   Data           4  os_var.o(.data)
    OSTickTaskTimeMax                        0x2000010c   Data           4  os_var.o(.data)
    OSTmrDbgListPtr                          0x20000110   Data           4  os_var.o(.data)
    OSTmrQty                                 0x20000114   Data           2  os_var.o(.data)
    OSTmrTaskTimeMax                         0x20000118   Data           4  os_var.o(.data)
    OSTmrTickCtr                             0x2000011c   Data           4  os_var.o(.data)
    OSTmrUpdateCnt                           0x20000120   Data           4  os_var.o(.data)
    OSTmrUpdateCtr                           0x20000124   Data           4  os_var.o(.data)
    OSTCBCurPtr                              0x20000128   Data           4  os_var.o(.data)
    OSTCBHighRdyPtr                          0x2000012c   Data           4  os_var.o(.data)
    OS_CPU_ExceptStkBase                     0x20000130   Data           4  os_cpu_c.o(.data)
    StartTaskTCB                             0x20000138   Data         196  main.o(.bss)
    START_TASK_STK                           0x200001fc   Data        2048  main.o(.bss)
    Led0TaskTCB                              0x200009fc   Data         196  main.o(.bss)
    LED0_TASK_STK                            0x20000ac0   Data         512  main.o(.bss)
    Led1TaskTCB                              0x20000cc0   Data         196  main.o(.bss)
    LED1_TASK_STK                            0x20000d84   Data         512  main.o(.bss)
    FloatTaskTCB                             0x20000f84   Data         196  main.o(.bss)
    FLOAT_TASK_STK                           0x20001048   Data         512  main.o(.bss)
    tmr1                                     0x20001248   Data          52  main.o(.bss)
    tmr2                                     0x2000127c   Data          52  main.o(.bss)
    USART_RX_BUF                             0x200012b0   Data         200  usart.o(.bss)
    CPU_Name                                 0x20001378   Data          16  cpu_core.o(.bss)
    Mem_PoolHeap                             0x20001388   Data          72  lib_mem.o(.bss)
    Mem_Heap                                 0x200013d0   Data        1024  lib_mem.o(.bss)
    OSCfg_IdleTaskStk                        0x200017d0   Data         512  os_cfg_app.o(.bss)
    OSCfg_IntQ                               0x200019d0   Data         320  os_cfg_app.o(.bss)
    OSCfg_IntQTaskStk                        0x20001b10   Data         512  os_cfg_app.o(.bss)
    OSCfg_ISRStk                             0x20001d10   Data         512  os_cfg_app.o(.bss)
    OSCfg_MsgPool                            0x20001f10   Data        1600  os_cfg_app.o(.bss)
    OSCfg_StatTaskStk                        0x20002550   Data         512  os_cfg_app.o(.bss)
    OSCfg_TickTaskStk                        0x20002750   Data         512  os_cfg_app.o(.bss)
    OSCfg_TickWheel                          0x20002950   Data         136  os_cfg_app.o(.bss)
    OSCfg_TmrTaskStk                         0x200029d8   Data         512  os_cfg_app.o(.bss)
    OSCfg_TmrWheel                           0x20002bd8   Data         136  os_cfg_app.o(.bss)
    OSIdleTaskTCB                            0x20002c60   Data         196  os_var.o(.bss)
    OSIntQTaskTCB                            0x20002d24   Data         196  os_var.o(.bss)
    OSMsgPool                                0x20002de8   Data          12  os_var.o(.bss)
    OSRdyList                                0x20002df4   Data         768  os_var.o(.bss)
    OSStatTaskTCB                            0x200030f4   Data         196  os_var.o(.bss)
    OSTickTaskTCB                            0x200031b8   Data         196  os_var.o(.bss)
    OSTmrTaskTCB                             0x2000327c   Data         196  os_var.o(.bss)
    __libspace_start                         0x20003340   Data          96  libspace.o(.bss)
    __temporary_stack_top$libspace           0x200033a0   Data           0  libspace.o(.bss)



==============================================================================

Memory Map of the image

  Image Entry point : 0x08000131

  Load Region LR_IROM1 (Base: 0x08000000, Size: 0x0000b7f4, Max: 0x00010000, ABSOLUTE, COMPRESSED[0x0000b6ec])

    Execution Region ER_IROM1 (Base: 0x08000000, Size: 0x0000b6c0, Max: 0x00010000, ABSOLUTE)

    Base Addr    Size         Type   Attr      Idx    E Section Name        Object

    0x08000000   0x00000130   Data   RO          272    RESET               startup_stm32f10x_hd.o
    0x08000130   0x00000008   Code   RO          736  * !!!main             c_w.l(__main.o)
    0x08000138   0x00000034   Code   RO          913    !!!scatter          c_w.l(__scatter.o)
    0x0800016c   0x0000005a   Code   RO          911    !!dczerorl2         c_w.l(__dczerorl2.o)
    0x080001c6   0x00000002   PAD
    0x080001c8   0x0000001c   Code   RO          915    !!handler_zi        c_w.l(__scatter_zi.o)
    0x080001e4   0x00000002   Code   RO          785    .ARM.Collect$$libinit$$00000000  c_w.l(libinit.o)
    0x080001e6   0x00000000   Code   RO          798    .ARM.Collect$$libinit$$00000002  c_w.l(libinit2.o)
    0x080001e6   0x00000000   Code   RO          800    .ARM.Collect$$libinit$$00000004  c_w.l(libinit2.o)
    0x080001e6   0x00000000   Code   RO          803    .ARM.Collect$$libinit$$0000000A  c_w.l(libinit2.o)
    0x080001e6   0x00000000   Code   RO          805    .ARM.Collect$$libinit$$0000000C  c_w.l(libinit2.o)
    0x080001e6   0x00000000   Code   RO          807    .ARM.Collect$$libinit$$0000000E  c_w.l(libinit2.o)
    0x080001e6   0x00000000   Code   RO          810    .ARM.Collect$$libinit$$00000011  c_w.l(libinit2.o)
    0x080001e6   0x00000000   Code   RO          812    .ARM.Collect$$libinit$$00000013  c_w.l(libinit2.o)
    0x080001e6   0x00000000   Code   RO          814    .ARM.Collect$$libinit$$00000015  c_w.l(libinit2.o)
    0x080001e6   0x00000000   Code   RO          816    .ARM.Collect$$libinit$$00000017  c_w.l(libinit2.o)
    0x080001e6   0x00000000   Code   RO          818    .ARM.Collect$$libinit$$00000019  c_w.l(libinit2.o)
    0x080001e6   0x00000000   Code   RO          820    .ARM.Collect$$libinit$$0000001B  c_w.l(libinit2.o)
    0x080001e6   0x00000000   Code   RO          822    .ARM.Collect$$libinit$$0000001D  c_w.l(libinit2.o)
    0x080001e6   0x00000000   Code   RO          824    .ARM.Collect$$libinit$$0000001F  c_w.l(libinit2.o)
    0x080001e6   0x00000000   Code   RO          826    .ARM.Collect$$libinit$$00000021  c_w.l(libinit2.o)
    0x080001e6   0x00000000   Code   RO          828    .ARM.Collect$$libinit$$00000023  c_w.l(libinit2.o)
    0x080001e6   0x00000000   Code   RO          830    .ARM.Collect$$libinit$$00000025  c_w.l(libinit2.o)
    0x080001e6   0x00000000   Code   RO          834    .ARM.Collect$$libinit$$0000002C  c_w.l(libinit2.o)
    0x080001e6   0x00000000   Code   RO          836    .ARM.Collect$$libinit$$0000002E  c_w.l(libinit2.o)
    0x080001e6   0x00000000   Code   RO          838    .ARM.Collect$$libinit$$00000030  c_w.l(libinit2.o)
    0x080001e6   0x00000000   Code   RO          840    .ARM.Collect$$libinit$$00000032  c_w.l(libinit2.o)
    0x080001e6   0x00000002   Code   RO          841    .ARM.Collect$$libinit$$00000033  c_w.l(libinit2.o)
    0x080001e8   0x00000002   Code   RO          867    .ARM.Collect$$libshutdown$$00000000  c_w.l(libshutdown.o)
    0x080001ea   0x00000000   Code   RO          894    .ARM.Collect$$libshutdown$$00000002  c_w.l(libshutdown2.o)
    0x080001ea   0x00000000   Code   RO          896    .ARM.Collect$$libshutdown$$00000004  c_w.l(libshutdown2.o)
    0x080001ea   0x00000000   Code   RO          899    .ARM.Collect$$libshutdown$$00000007  c_w.l(libshutdown2.o)
    0x080001ea   0x00000000   Code   RO          902    .ARM.Collect$$libshutdown$$0000000A  c_w.l(libshutdown2.o)
    0x080001ea   0x00000000   Code   RO          904    .ARM.Collect$$libshutdown$$0000000C  c_w.l(libshutdown2.o)
    0x080001ea   0x00000000   Code   RO          907    .ARM.Collect$$libshutdown$$0000000F  c_w.l(libshutdown2.o)
    0x080001ea   0x00000002   Code   RO          908    .ARM.Collect$$libshutdown$$00000010  c_w.l(libshutdown2.o)
    0x080001ec   0x00000000   Code   RO          740    .ARM.Collect$$rtentry$$00000000  c_w.l(__rtentry.o)
    0x080001ec   0x00000000   Code   RO          748    .ARM.Collect$$rtentry$$00000002  c_w.l(__rtentry2.o)
    0x080001ec   0x00000006   Code   RO          760    .ARM.Collect$$rtentry$$00000004  c_w.l(__rtentry4.o)
    0x080001f2   0x00000000   Code   RO          750    .ARM.Collect$$rtentry$$00000009  c_w.l(__rtentry2.o)
    0x080001f2   0x00000004   Code   RO          751    .ARM.Collect$$rtentry$$0000000A  c_w.l(__rtentry2.o)
    0x080001f6   0x00000000   Code   RO          753    .ARM.Collect$$rtentry$$0000000C  c_w.l(__rtentry2.o)
    0x080001f6   0x00000008   Code   RO          754    .ARM.Collect$$rtentry$$0000000D  c_w.l(__rtentry2.o)
    0x080001fe   0x00000002   Code   RO          789    .ARM.Collect$$rtexit$$00000000  c_w.l(rtexit.o)
    0x08000200   0x00000000   Code   RO          843    .ARM.Collect$$rtexit$$00000002  c_w.l(rtexit2.o)
    0x08000200   0x00000004   Code   RO          844    .ARM.Collect$$rtexit$$00000003  c_w.l(rtexit2.o)
    0x08000204   0x00000006   Code   RO          845    .ARM.Collect$$rtexit$$00000004  c_w.l(rtexit2.o)
    0x0800020a   0x00000002   PAD
    0x0800020c   0x0000041c   Code   RO            1    .text               main.o
    0x08000628   0x00000016   Code   RO          144    .text               stm32f10x_it.o
    0x0800063e   0x00000002   PAD
    0x08000640   0x000001e0   Code   RO          176    .text               system_stm32f10x.o
    0x08000820   0x00000038   Code   RO          194    .text               led.o
    0x08000858   0x0000014c   Code   RO          206    .text               delay.o
    0x080009a4   0x0000052c   Code   RO          237    .text               usart.o
    0x08000ed0   0x00000040   Code   RO          273    .text               startup_stm32f10x_hd.o
    0x08000f10   0x000000dc   Code   RO          277    .text               misc.o
    0x08000fec   0x0000035c   Code   RO          289    .text               stm32f10x_gpio.o
    0x08001348   0x00000408   Code   RO          301    .text               stm32f10x_usart.o
    0x08001750   0x000003a4   Code   RO          313    .text               stm32f10x_rcc.o
    0x08001af4   0x00000084   Code   RO          327    .text               bsp.o
    0x08001b78   0x000002a8   Code   RO          342    .text               cpu_core.o
    0x08001e20   0x00000034   Code   RO          380    .text               cpu_a.o
    0x08001e54   0x00000256   Code   RO          383    .text               lib_ascii.o
    0x080020aa   0x00000002   PAD
    0x080020ac   0x000009c6   Code   RO          416    .text               lib_mem.o
    0x08002a72   0x00000002   PAD
    0x08002a74   0x0000092c   Code   RO          435    .text               lib_str.o
    0x080033a0   0x00000220   Code   RO          452    .text               lib_mem_a.o
    0x080035c0   0x000000fc   Code   RO          455    .text               os_cfg_app.o
    0x080036bc   0x00000e04   Code   RO          478    .text               os_core.o
    0x080044c0   0x000001b0   Code   RO          490    .text               os_dbg.o
    0x08004670   0x00000e28   Code   RO          505    .text               os_flag.o
    0x08005498   0x00000444   Code   RO          517    .text               os_int.o
    0x080058dc   0x00000238   Code   RO          529    .text               os_mem.o
    0x08005b14   0x0000022c   Code   RO          541    .text               os_msg.o
    0x08005d40   0x00000ad4   Code   RO          553    .text               os_mutex.o
    0x08006814   0x0000007c   Code   RO          571    .text               os_prio.o
    0x08006890   0x000008d8   Code   RO          590    .text               os_q.o
    0x08007168   0x00000830   Code   RO          602    .text               os_sem.o
    0x08007998   0x00000638   Code   RO          614    .text               os_stat.o
    0x08007fd0   0x00001bb4   Code   RO          626    .text               os_task.o
    0x08009b84   0x000004fc   Code   RO          638    .text               os_tick.o
    0x0800a080   0x00000564   Code   RO          650    .text               os_time.o
    0x0800a5e4   0x00000818   Code   RO          662    .text               os_tmr.o
    0x0800adfc   0x0000026c   Code   RO          691    .text               os_cpu_c.o
    0x0800b068   0x00000002   Code   RO          726    .text               c_w.l(use_no_semi_2.o)
    0x0800b06a   0x000000ee   Code   RO          728    .text               c_w.l(lludivv7m.o)
    0x0800b158   0x00000018   Code   RO          732    .text               c_w.l(noretval__2printf.o)
    0x0800b170   0x00000006   Code   RO          734    .text               c_w.l(heapauxi.o)
    0x0800b176   0x00000002   Code   RO          738    .text               c_w.l(use_no_semi.o)
    0x0800b178   0x00000024   Code   RO          745    .text               c_w.l(_printf_char_file.o)
    0x0800b19c   0x00000030   Code   RO          764    .text               c_w.l(_printf_char_common.o)
    0x0800b1cc   0x00000008   Code   RO          766    .text               c_w.l(ferror.o)
    0x0800b1d4   0x0000004a   Code   RO          770    .text               c_w.l(sys_stackheap_outer.o)
    0x0800b21e   0x00000028   Code   RO          772    .text               c_w.l(__printf_nopercent.o)
    0x0800b246   0x00000012   Code   RO          774    .text               c_w.l(exit.o)
    0x0800b258   0x00000008   Code   RO          786    .text               c_w.l(libspace.o)
    0x0800b260   0x00000098   Code   RO          688    CODE                os_cpu_a.o
    0x0800b2f8   0x00000104   Data   RO          344    .constdata          cpu_core.o
    0x0800b3fc   0x00000094   Data   RO          436    .constdata          lib_str.o
    0x0800b490   0x000000a4   Data   RO          457    .constdata          os_cfg_app.o
    0x0800b534   0x0000016c   Data   RO          491    .constdata          os_dbg.o
    0x0800b6a0   0x00000020   Data   RO          909    Region$$Table       anon$$obj.o


    Execution Region RW_IRAM1 (Base: 0x20000000, Size: 0x00003da0, Max: 0x00005000, ABSOLUTE, COMPRESSED[0x0000002c])

    Base Addr    Size         Type   Attr      Idx    E Section Name        Object

    0x20000000   0x0000000a   Data   RW            3    .data               main.o
    0x2000000a   0x00000002   PAD
    0x2000000c   0x00000014   Data   RW          177    .data               system_stm32f10x.o
    0x20000020   0x00000004   Data   RW          207    .data               delay.o
    0x20000024   0x00000020   Data   RW          239    .data               usart.o
    0x20000044   0x00000014   Data   RW          314    .data               stm32f10x_rcc.o
    0x20000058   0x00000004   Data   RW          345    .data               cpu_core.o
    0x2000005c   0x00000004   Data   RW          418    .data               lib_mem.o
    0x20000060   0x00000008   Data   RW          572    .data               os_prio.o
    0x20000068   0x000000c8   Data   RW          675    .data               os_var.o
    0x20000130   0x00000004   Data   RW          692    .data               os_cpu_c.o
    0x20000134   0x00000004   PAD
    0x20000138   0x00001178   Zero   RW            2    .bss                main.o
    0x200012b0   0x000000c8   Zero   RW          238    .bss                usart.o
    0x20001378   0x00000010   Zero   RW          343    .bss                cpu_core.o
    0x20001388   0x00000448   Zero   RW          417    .bss                lib_mem.o
    0x200017d0   0x00001490   Zero   RW          456    .bss                os_cfg_app.o
    0x20002c60   0x000006e0   Zero   RW          674    .bss                os_var.o
    0x20003340   0x00000060   Zero   RW          787    .bss                c_w.l(libspace.o)
    0x200033a0   0x00000200   Zero   RW          271    HEAP                startup_stm32f10x_hd.o
    0x200035a0   0x00000800   Zero   RW          270    STACK               startup_stm32f10x_hd.o


==============================================================================

Image component sizes


      Code (inc. data)   RO Data    RW Data    ZI Data      Debug   Object Name

       132         12          0          0          0       1183   bsp.o
        52          0          0          0          0        356   cpu_a.o
       680         14        260          4         16      14571   cpu_core.o
       332         28          0          4          0       1881   delay.o
        56          6          0          0          0        519   led.o
       598          0          0          0          0       3920   lib_ascii.o
      2502         32          0          4       1096      22356   lib_mem.o
       544          0          0          0          0        504   lib_mem_a.o
      2348          6        148          0          0      13890   lib_str.o
      1052        102          0         10       4472     273819   main.o
       220         22          0          0          0       1893   misc.o
       252        166        164          0       5264      21042   os_cfg_app.o
      3588        294          0          0          0      12529   os_core.o
       152         32          0          0          0        416   os_cpu_a.o
       620         66          0          4          0       3949   os_cpu_c.o
       432        286        364          0          0       4857   os_dbg.o
      3624        110          0          0          0       8111   os_flag.o
      1092        146          0          0          0       2416   os_int.o
       568         20          0          0          0       2840   os_mem.o
       556         12          0          0          0       2875   os_msg.o
      2772        114          0          0          0       5646   os_mutex.o
       124          4          0          8          0       1852   os_prio.o
      2264         76          0          0          0       6408   os_q.o
      2096         70          0          0          0       6428   os_sem.o
      1592        180          0          0          0       2897   os_stat.o
      7092        270          0          0          0      14254   os_task.o
      1276         90          0          0          0       3365   os_tick.o
      1380         46          0          0          0       3369   os_time.o
      2072        140          0          0          0       6554   os_tmr.o
         0          0          0        200       1760      19429   os_var.o
        64         26        304          0       2560        816   startup_stm32f10x_hd.o
       860         38          0          0          0       5829   stm32f10x_gpio.o
        22          0          0          0          0       1031   stm32f10x_it.o
       932         36          0         20          0       9048   stm32f10x_rcc.o
      1032         22          0          0          0       8552   stm32f10x_usart.o
         0          0          0          0          0         32   sys.o
       480         38          0         20          0       1839   system_stm32f10x.o
      1324        142          0         32        200       5581   usart.o

    ----------------------------------------------------------------------
     44788       2646       1272        308      15372     496857   Object Totals
         0          0         32          0          0          0   (incl. Generated)
         6          0          0          2          4          0   (incl. Padding)

    ----------------------------------------------------------------------

      Code (inc. data)   RO Data    RW Data    ZI Data      Debug   Library Member Name

        90          0          0          0          0          0   __dczerorl2.o
         8          0          0          0          0         68   __main.o
        40          0          0          0          0         84   __printf_nopercent.o
         0          0          0          0          0          0   __rtentry.o
        12          0          0          0          0          0   __rtentry2.o
         6          0          0          0          0          0   __rtentry4.o
        52          8          0          0          0          0   __scatter.o
        28          0          0          0          0          0   __scatter_zi.o
        48          6          0          0          0         96   _printf_char_common.o
        36          4          0          0          0         80   _printf_char_file.o
        18          0          0          0          0         80   exit.o
         8          0          0          0          0         68   ferror.o
         6          0          0          0          0        152   heapauxi.o
         2          0          0          0          0          0   libinit.o
         2          0          0          0          0          0   libinit2.o
         2          0          0          0          0          0   libshutdown.o
         2          0          0          0          0          0   libshutdown2.o
         8          4          0          0         96         68   libspace.o
       238          0          0          0          0        100   lludivv7m.o
        24          4          0          0          0         84   noretval__2printf.o
         2          0          0          0          0          0   rtexit.o
        10          0          0          0          0          0   rtexit2.o
        74          0          0          0          0         80   sys_stackheap_outer.o
         2          0          0          0          0         68   use_no_semi.o
         2          0          0          0          0         68   use_no_semi_2.o

    ----------------------------------------------------------------------
       724         26          0          0         96       1096   Library Totals
         4          0          0          0          0          0   (incl. Padding)

    ----------------------------------------------------------------------

      Code (inc. data)   RO Data    RW Data    ZI Data      Debug   Library Name

       720         26          0          0         96       1096   c_w.l

    ----------------------------------------------------------------------
       724         26          0          0         96       1096   Library Totals

    ----------------------------------------------------------------------

==============================================================================


      Code (inc. data)   RO Data    RW Data    ZI Data      Debug   

     45512       2672       1272        308      15468     494361   Grand Totals
     45512       2672       1272         44      15468     494361   ELF Image Totals (compressed)
     45512       2672       1272         44          0          0   ROM Totals

==============================================================================

    Total RO  Size (Code + RO Data)                46784 (  45.69kB)
    Total RW  Size (RW Data + ZI Data)             15776 (  15.41kB)
    Total ROM Size (Code + RO Data + RW Data)      46828 (  45.73kB)

==============================================================================

